Microchip MPLAB XC8 Compiler V3.10

Linker command line:

-W-3 --edf=/Applications/microchip/xc8/v3.10/pic/dat/20250813170317_en.msgs \
  -pivt0x8=08h -cn -h+dist/default/production/Test.X.production.sym \
  --cmf=dist/default/production/Test.X.production.cmf -z -Q18F47K42 \
  -o/tmp/xchXENgv1/driver_tmp_3.o --defsym=__MPLAB_BUILD=1 \
  --fixupoverflow=error -Mdist/default/production/Test.X.production.map \
  --md=/tmp/xchXENgv1/driver_tmp_0.dat -E1 -ver=XC8 Compiler \
  -ACODE=00h-01FFFFh -ACONST=00h-01FFFFh \
  -ASMALLCONST=02000h-020FFhx224,012000h-0120FFhx224 \
  -AMEDIUMCONST=02000h-0FFFFh,012000h-01FFFFh -ACOMRAM=01h-05Fh \
  -AABS1=00h-01FFFh -ABIGRAM=01h-01FFFh -ARAM=060h-0FFh,0100h-01FFhx31 \
  -ABANK0=060h-0FFh -ABANK1=0100h-01FFh -ABANK2=0200h-02FFh \
  -ABANK3=0300h-03FFh -ABANK4=0400h-04FFh -ABANK5=0500h-05FFh \
  -ABANK6=0600h-06FFh -ABANK7=0700h-07FFh -ABANK8=0800h-08FFh \
  -ABANK9=0900h-09FFh -ABANK10=0A00h-0AFFh -ABANK11=0B00h-0BFFh \
  -ABANK12=0C00h-0CFFh -ABANK13=0D00h-0DFFh -ABANK14=0E00h-0EFFh \
  -ABANK15=0F00h-0FFFh -ABANK16=01000h-010FFh -ABANK17=01100h-011FFh \
  -ABANK18=01200h-012FFh -ABANK19=01300h-013FFh -ABANK20=01400h-014FFh \
  -ABANK21=01500h-015FFh -ABANK22=01600h-016FFh -ABANK23=01700h-017FFh \
  -ABANK24=01800h-018FFh -ABANK25=01900h-019FFh -ABANK26=01A00h-01AFFh \
  -ABANK27=01B00h-01BFFh -ABANK28=01C00h-01CFFh -ABANK29=01D00h-01DFFh \
  -ABANK30=01E00h-01EFFh -ABANK31=01F00h-01FFFh \
  -ASFR=03800h-038FFhx7,03F00h-03F5Fh,03F60h-03FFFh -ABIGSFR=03800h-03FFFh \
  -ACONFIG=0300000h-0300009h -AIDLOC=0200000h-020000Fh \
  -AEEDATA=0310000h-03103FFh -peeprom_data=EEDATA -preset_vec=00h \
  -ppowerup=CODE,init -pramtop=02000h -psmallconst=SMALLCONST \
  -pmediumconst=MEDIUMCONST -pconst=CONST -AFARRAM=00h-00h \
  -prdata=COMRAM,nvrram=COMRAM,nvbit=COMRAM,rbss=COMRAM,rbit=COMRAM \
  -pfarbss=FARRAM,fardata=FARRAM,nvFARRAM=FARRAM \
  -pintsave_regs=BIGRAM,bigbss=BIGRAM,bigdata=BIGRAM -pbss=RAM \
  -pidata=CODE,irdata=CODE,ibigdata=CODE,ifardata=CODE -prparam=COMRAM \
  /tmp/xchXENgv1/driver_tmp_14.o \
  dist/default/production/Test.X.production.o 

Object code version is 3.11

Machine type is 18F47K42



                Name                               Link     Load   Length Selector   Space Scale
/tmp/xchXENgv1/driver_tmp_14.o
                config                           300000   300000        A        0       4
                init                                 1A       1A        4        4       0
                reset_vec                             0        0        4        0       0
dist/default/production/Test.X.production.o
                config                           300000   300000        A        0       4
                smallconst                         2000     2000       DE     1000       0
                ivt0x8                                8        8       12        4       0
                text66                             3022     3022       C6     106F       0
                text65                             3A9A     3A9A       38     106F       0
                text64                             3BCC     3BCC       2E     106F       0
                text63                             3E2E     3E2E       16     106F       0
                text62                             3E44     3E44       14     106F       0
                text61                             37FE     37FE       52     106F       0
                text60                             3BFA     3BFA       2A     106F       0
                text59                             3B9E     3B9E       2E     106F       0
                text58                             3DA0     3DA0       1C     106F       0
                text57                             3C74     3C74       24     106F       0
                text56                             2A28     2A28      1DA     106F       0
                text55                             34EA     34EA       84     106F       0
                text54                             3A62     3A62       38     106F       0
                text53                             38E2     38E2       46     106F       0
                text52                             3A28     3A28       3A     106F       0
                text51                             3E94     3E94        C     106F       0
                text50                             30E8     30E8       C0     106F       0
                text49                             325E     325E       AE     106F       0
                text48                             3B3C     3B3C       32     106F       0
                text47                             2F4C     2F4C       D6     106F       0
                text46                             3E18     3E18       16     106F       0
                text45                             36CE     36CE       6C     106F       0
                text44                             3850     3850       4C     106F       0
                text43                             3E02     3E02       16     106F       0
                text42                             356E     356E       82     106F       0
                text41                             3EB8     3EB8        6     106F       0
                text40                             3E58     3E58       12     106F       0
                text39                             3E86     3E86        E     106F       0
                text38                             3E78     3E78        E     106F       0
                text37                             3E6A     3E6A        E     106F       0
                text36                             389C     389C       46     106F       0
                text35                             33B8     33B8       A6     106F       0
                text34                             3D42     3D42       22     106F       0
                text33                             3D20     3D20       22     106F       0
                text32                             3CFE     3CFE       22     106F       0
                text31                             3662     3662       6C     106F       0
                text30                             3CDC     3CDC       22     106F       0
                text29                             3CBA     3CBA       22     106F       0
                text28                             3C98     3C98       22     106F       0
                text27                             379E     379E       60     106F       0
                text26                             3DBC     3DBC       1A     106F       0
                text25                             3D82     3D82       1E     106F       0
                text24                             3DEC     3DEC       16     106F       0
                text23                             3EB2     3EB2        6     106F       0
                text22                             3C4C     3C4C       28     106F       0
                text21                             3EAA     3EAA        8     106F       0
                text20                             39AA     39AA       40     106F       0
                text19                             396A     396A       40     106F       0
                text18                             280C     280C      21C     106F       0
                text17                             3B08     3B08       34     106F       0
                text16                             3C24     3C24       28     106F       0
                text15                             3EA0     3EA0        A     106F       0
                text14                             3D64     3D64       1E     106F       0
                text13                             330C     330C       AC     106F       0
                text12                             39EA     39EA       3E     106F       0
                text11                             345E     345E       8C     106F       0
                text10                             2C02     2C02      16A     106F       0
                text9                              31A8     31A8       B6     106F       0
                text8                              35F0     35F0       72     106F       0
                text7                              373A     373A       64     106F       0
                text6                              2E6C     2E6C       E0     106F       0
                text5                              2D6C     2D6C      100     106F       0
                text4                              25D6     25D6      236     106F       0
                text3                              3928     3928       42     106F       0
                text2                              3DD6     3DD6       16     106F       0
                text1                              3B6E     3B6E       30     106F       0
                text0                              20DE     20DE      4F8     106F       0
                cstackCOMRAM                          1        1       4D        1       1
                cstackBANK0                          60       60       55       60       1
                bssBANK1                            100      100       20      100       1
                bssBANK0                             B5       B5       3F       60       1
                bssCOMRAM                            4E       4E       11        1       1
                cinit                              3AD2     3AD2       36     106F       0

TOTAL           Name                               Link     Load   Length     Space
        CLASS   CODE           
                init                                 1A       1A        4         0
                reset_vec                             0        0        4         0
                ivt0x8                                8        8       12         0
                text66                             3022     3022       C6         0
                text65                             3A9A     3A9A       38         0
                text64                             3BCC     3BCC       2E         0
                text63                             3E2E     3E2E       16         0
                text62                             3E44     3E44       14         0
                text61                             37FE     37FE       52         0
                text60                             3BFA     3BFA       2A         0
                text59                             3B9E     3B9E       2E         0
                text58                             3DA0     3DA0       1C         0
                text57                             3C74     3C74       24         0
                text56                             2A28     2A28      1DA         0
                text55                             34EA     34EA       84         0
                text54                             3A62     3A62       38         0
                text53                             38E2     38E2       46         0
                text52                             3A28     3A28       3A         0
                text51                             3E94     3E94        C         0
                text50                             30E8     30E8       C0         0
                text49                             325E     325E       AE         0
                text48                             3B3C     3B3C       32         0
                text47                             2F4C     2F4C       D6         0
                text46                             3E18     3E18       16         0
                text45                             36CE     36CE       6C         0
                text44                             3850     3850       4C         0
                text43                             3E02     3E02       16         0
                text42                             356E     356E       82         0
                text41                             3EB8     3EB8        6         0
                text40                             3E58     3E58       12         0
                text39                             3E86     3E86        E         0
                text38                             3E78     3E78        E         0
                text37                             3E6A     3E6A        E         0
                text36                             389C     389C       46         0
                text35                             33B8     33B8       A6         0
                text34                             3D42     3D42       22         0
                text33                             3D20     3D20       22         0
                text32                             3CFE     3CFE       22         0
                text31                             3662     3662       6C         0
                text30                             3CDC     3CDC       22         0
                text29                             3CBA     3CBA       22         0
                text28                             3C98     3C98       22         0
                text27                             379E     379E       60         0
                text26                             3DBC     3DBC       1A         0
                text25                             3D82     3D82       1E         0
                text24                             3DEC     3DEC       16         0
                text23                             3EB2     3EB2        6         0
                text22                             3C4C     3C4C       28         0
                text21                             3EAA     3EAA        8         0
                text20                             39AA     39AA       40         0
                text19                             396A     396A       40         0
                text18                             280C     280C      21C         0
                text17                             3B08     3B08       34         0
                text16                             3C24     3C24       28         0
                text15                             3EA0     3EA0        A         0
                text14                             3D64     3D64       1E         0
                text13                             330C     330C       AC         0
                text12                             39EA     39EA       3E         0
                text11                             345E     345E       8C         0
                text10                             2C02     2C02      16A         0
                text9                              31A8     31A8       B6         0
                text8                              35F0     35F0       72         0
                text7                              373A     373A       64         0
                text6                              2E6C     2E6C       E0         0
                text5                              2D6C     2D6C      100         0
                text4                              25D6     25D6      236         0
                text3                              3928     3928       42         0
                text2                              3DD6     3DD6       16         0
                text1                              3B6E     3B6E       30         0
                text0                              20DE     20DE      4F8         0
                cinit                              3AD2     3AD2       36         0

        CLASS   CONST          

        CLASS   SMALLCONST     
                smallconst                         2000     2000       DE         0

        CLASS   MEDIUMCONST    

        CLASS   COMRAM         
                cstackCOMRAM                          1        1       4D         1
                bssCOMRAM                            4E       4E       11         1

        CLASS   ABS1           

        CLASS   BIGRAM         

        CLASS   RAM            

        CLASS   BANK0          
                cstackBANK0                          60       60       55         1
                bssBANK0                             B5       B5       3F         1

        CLASS   BANK1          
                bssBANK1                            100      100       20         1

        CLASS   BANK2          

        CLASS   BANK3          

        CLASS   BANK4          

        CLASS   BANK5          

        CLASS   BANK6          

        CLASS   BANK7          

        CLASS   BANK8          

        CLASS   BANK9          

        CLASS   BANK10         

        CLASS   BANK11         

        CLASS   BANK12         

        CLASS   BANK13         

        CLASS   BANK14         

        CLASS   BANK15         

        CLASS   BANK16         

        CLASS   BANK17         

        CLASS   BANK18         

        CLASS   BANK19         

        CLASS   BANK20         

        CLASS   BANK21         

        CLASS   BANK22         

        CLASS   BANK23         

        CLASS   BANK24         

        CLASS   BANK25         

        CLASS   BANK26         

        CLASS   BANK27         

        CLASS   BANK28         

        CLASS   BANK29         

        CLASS   BANK30         

        CLASS   BANK31         

        CLASS   SFR            

        CLASS   BIGSFR         

        CLASS   CONFIG         
                config                           300000   300000        A         4

        CLASS   IDLOC          

        CLASS   EEDATA         

        CLASS   FARRAM         

        CLASS   HEAP           

        CLASS   STACK          



SEGMENTS        Name                           Load    Length   Top    Selector   Space  Class

                reset_vec                      000000  000004  000004         0       0  CODE    
                text0                          0020DE  001DE0  003EBE      106F       0  CODE    
                ivt0x8                         000008  000016  00001E         4       0  CODE    
                bssBANK1                       000100  000020  000120       100       1  BANK1   
                cstackBANK0                    000060  000094  0000F4        60       1  BANK0   
                smallconst                     002000  0000DE  0020DE      1000       0  SMALLCON
                cstackCOMRAM                   000001  00005E  00005F         1       1  COMRAM  


UNUSED ADDRESS RANGES

        Name                Unused          Largest block    Delta
        BANK0            0000F4-0000FF                C
        BANK1            000120-0001FF               E0
        BANK10           000A00-000AFF              100
        BANK11           000B00-000BFF              100
        BANK12           000C00-000CFF              100
        BANK13           000D00-000DFF              100
        BANK14           000E00-000EFF              100
        BANK15           000F00-000FFF              100
        BANK16           001000-0010FF              100
        BANK17           001100-0011FF              100
        BANK18           001200-0012FF              100
        BANK19           001300-0013FF              100
        BANK2            000200-0002FF              100
        BANK20           001400-0014FF              100
        BANK21           001500-0015FF              100
        BANK22           001600-0016FF              100
        BANK23           001700-0017FF              100
        BANK24           001800-0018FF              100
        BANK25           001900-0019FF              100
        BANK26           001A00-001AFF              100
        BANK27           001B00-001BFF              100
        BANK28           001C00-001CFF              100
        BANK29           001D00-001DFF              100
        BANK3            000300-0003FF              100
        BANK30           001E00-001EFF              100
        BANK31           001F00-001FFF              100
        BANK4            000400-0004FF              100
        BANK5            000500-0005FF              100
        BANK6            000600-0006FF              100
        BANK7            000700-0007FF              100
        BANK8            000800-0008FF              100
        BANK9            000900-0009FF              100
        BIGRAM           00005F-00005F                1
                         0000F4-0000FF                C
                         000120-001FFF             1EE0
        BIGSFR           003800-003FFF              800
        CODE             000004-000007                4
                         00001E-001FFF             1FE2
                         003EBE-01FFFF            1C142
        COMRAM           00005F-00005F                1
        CONST            000004-000007                4
                         00001E-001FFF             1FE2
                         003EBE-01FFFF            1C142
        EEDATA           310000-3103FF              400
        IDLOC            200000-20000F               10
        MEDIUMCONST      003EBE-00FFFF             C142
                         012000-01FFFF             E000
        RAM              0000F4-0000FF                C
                         000120-001FFF              100
        SFR              003800-003FFF              100
        SMALLCONST       003EBE-00FFFF              100
                         012000-01FFFF              100

                                  Symbol Table

?_ADC_Read                                         cstackCOMRAM 000001
?___awdiv                                          cstackCOMRAM 000001
?___awmod                                          cstackCOMRAM 000001
?___lwdiv                                          cstackCOMRAM 000001
?___lwmod                                          cstackCOMRAM 000001
?_abs                                              cstackCOMRAM 000007
?_printf                                           cstackCOMRAM 000032
?_read_prec_or_width                               cstackCOMRAM 000001
?_sprintf                                          cstackCOMRAM 000032
?_vfprintf                                         cstackCOMRAM 00002E
DS3231_ReadTime@data                               cstackCOMRAM 00000C
DS3231_ReadTime@reg                                cstackCOMRAM 00000B
DS3231_SetAlarm1@alarmHour                         cstackCOMRAM 00000F
DS3231_SetAlarm1@alarmMin                          cstackCOMRAM 00000C
DS3231_SetAlarm1@alarmSec                          cstackCOMRAM 00000D
DS3231_SetAlarm1@data                              cstackCOMRAM 000010
DS3231_WriteRegister@data                          cstackCOMRAM 00000A
DS3231_WriteRegister@reg                           cstackCOMRAM 000009
DS3231_WriteRegister@value                         cstackCOMRAM 000008
I2C1_WaitDone@timeout                              cstackCOMRAM 000003
I2C1_Write@address                                 cstackCOMRAM 000002
I2C1_Write@data                                    cstackCOMRAM 000004
I2C1_Write@dataLength                              cstackCOMRAM 000005
I2C1_Write@retStatus                               cstackCOMRAM 000007
I2C1_WriteRead@address                             cstackCOMRAM 000002
I2C1_WriteRead@readData                            cstackCOMRAM 000007
I2C1_WriteRead@readLength                          cstackCOMRAM 000008
I2C1_WriteRead@retStatus                           cstackCOMRAM 00000A
I2C1_WriteRead@writeData                           cstackCOMRAM 000004
I2C1_WriteRead@writeLength                         cstackCOMRAM 000005
INT0_SetInterruptHandler@InterruptHandler          cstackCOMRAM 000001
INT1_SetInterruptHandler@InterruptHandler          cstackCOMRAM 000001
INT2_SetInterruptHandler@InterruptHandler          cstackCOMRAM 000001
IVTBASEH                                           (abs)        003FD6
IVTBASEL                                           (abs)        003FD5
IVTBASEU                                           (abs)        003FD7
RTC_SleepUntil@dummy                               cstackCOMRAM 00001A
RTC_SleepUntil@wakeHour                            cstackCOMRAM 000019
RTC_SleepUntil@wakeMin                             cstackCOMRAM 000015
RTC_SleepUntil@wakeSec                             cstackCOMRAM 000016
UART1_FramingErrorCallbackRegister@callbackHandler cstackCOMRAM 000001
UART1_OverrunErrorCallbackRegister@callbackHandler cstackCOMRAM 000001
UART1_ParityErrorCallbackRegister@callbackHandler  cstackCOMRAM 000001
UART1_Write@txData                                 cstackCOMRAM 000001
UART2_FramingErrorCallbackRegister@callbackHandler cstackCOMRAM 000001
UART2_OverrunErrorCallbackRegister@callbackHandler cstackCOMRAM 000001
UART2_ParityErrorCallbackRegister@callbackHandler  cstackCOMRAM 000001
UART2_Write@txData                                 cstackCOMRAM 000001
UART_SendString@str                                cstackCOMRAM 000002
_A                                                 bssBANK0     0000E0
_ADCLK                                             (abs)        003EFF
_ADCON0bits                                        (abs)        003EF8
_ADC_Init                                          text65       003A9A
_ADC_Read                                          text64       003BCC
_ADPCH                                             (abs)        003EF1
_ADREFbits                                         (abs)        003EFD
_ADRESH                                            (abs)        003EF0
_ADRESL                                            (abs)        003EEF
_ANSELA                                            (abs)        003A40
_ANSELB                                            (abs)        003A50
_ANSELBbits                                        (abs)        003A50
_ANSELC                                            (abs)        003A60
_ANSELCbits                                        (abs)        003A60
_ANSELD                                            (abs)        003A70
_ANSELDbits                                        (abs)        003A70
_ANSELE                                            (abs)        003A80
_A_flag                                            bssCOMRAM    00005B
_B                                                 bssBANK0     0000DE
_B_flag                                            bssBANK0     0000E8
_C                                                 bssBANK0     0000DC
_CLOCK_Initialize                                  text40       003E58
_C_flag                                            bssBANK0     0000E6
_D                                                 bssBANK0     0000DA
_DS3231_ClearAlarmFlag                             text51       003E94
_DS3231_ReadTime                                   text42       00356E
_DS3231_SetAlarm1                                  text47       002F4C
_DS3231_WriteRegister                              text52       003A28
_D_flag                                            bssBANK0     0000E4
_E                                                 bssBANK0     0000D8
_E_flag                                            bssBANK0     0000E2
_FVRCONbits                                        (abs)        003EC1
_I2C1ADB1                                          (abs)        003D6E
_I2C1CLK                                           (abs)        003D7B
_I2C1CNT                                           (abs)        003D6C
_I2C1CON0                                          (abs)        003D73
_I2C1CON0bits                                      (abs)        003D73
_I2C1CON1                                          (abs)        003D74
_I2C1CON1bits                                      (abs)        003D74
_I2C1CON2                                          (abs)        003D75
_I2C1ERR                                           (abs)        003D76
_I2C1ERRbits                                       (abs)        003D76
_I2C1PIE                                           (abs)        003D7A
_I2C1PIR                                           (abs)        003D79
_I2C1PIRbits                                       (abs)        003D79
_I2C1RXB                                           (abs)        003D6A
_I2C1SCLPPS                                        (abs)        003AE1
_I2C1SDAPPS                                        (abs)        003AE2
_I2C1STAT0bits                                     (abs)        003D77
_I2C1STAT1                                         (abs)        003D78
_I2C1STAT1bits                                     (abs)        003D78
_I2C1TXB                                           (abs)        003D6B
_I2C1_BusReset                                     text59       003B9E
_I2C1_Callback                                     bssBANK0     0000D3
_I2C1_Close                                        text58       003DA0
_I2C1_Deinitialize                                 text62       003E44
_I2C1_Initialize                                   text61       0037FE
_I2C1_IsBusy                                       text60       003BFA
_I2C1_IsBusy$377                                   cstackCOMRAM 000001
_I2C1_ReadStart                                    text57       003C74
_I2C1_Tasks                                        text56       002A28
_I2C1_WaitDone                                     text55       0034EA
_I2C1_Write                                        text53       0038E2
_I2C1_WriteRead                                    text44       003850
_I2C1_WriteStart                                   text54       003A62
_INLVLA                                            (abs)        003A44
_INLVLB                                            (abs)        003A54
_INLVLC                                            (abs)        003A64
_INLVLD                                            (abs)        003A74
_INLVLE                                            (abs)        003A84
_INT0_DefaultInterruptHandler                      (abs)        000000
_INT0_InterruptHandler                             bssBANK0     0000D0
_INT0_SetInterruptHandler                          text39       003E86
_INT1_DefaultInterruptHandler                      (abs)        000000
_INT1_InterruptHandler                             bssBANK0     0000CD
_INT1_SetInterruptHandler                          text38       003E78
_INT2_DefaultInterruptHandler                      (abs)        000000
_INT2_InterruptHandler                             bssBANK0     0000CA
_INT2_SetInterruptHandler                          text37       003E6A
_INTCON0bits                                       (abs)        003FD2
_INTERRUPT_Initialize                              text36       00389C
_IOCAF                                             (abs)        003A47
_IOCAN                                             (abs)        003A46
_IOCAP                                             (abs)        003A45
_IOCBF                                             (abs)        003A57
_IOCBFbits                                         (abs)        003A57
_IOCBN                                             (abs)        003A56
_IOCBNbits                                         (abs)        003A56
_IOCBP                                             (abs)        003A55
_IOCBPbits                                         (abs)        003A55
_IOCCF                                             (abs)        003A67
_IOCCFbits                                         (abs)        003A67
_IOCCN                                             (abs)        003A66
_IOCCNbits                                         (abs)        003A66
_IOCCP                                             (abs)        003A65
_IOCCPbits                                         (abs)        003A65
_IOCEF                                             (abs)        003A87
_IOCEN                                             (abs)        003A86
_IOCEP                                             (abs)        003A85
_ISR                                               text66       003022
_Init_RTC_Interrupt_RC5                            text63       003E2E
_LATA                                              (abs)        003FBA
_LATAbits                                          (abs)        003FBA
_LATB                                              (abs)        003FBB
_LATC                                              (abs)        003FBC
_LATD                                              (abs)        003FBD
_LATDbits                                          (abs)        003FBD
_LATE                                              (abs)        003FBE
_LoRaSeconds                                       bssBANK0     0000EF
_LoRaState                                         bssBANK0     0000F0
_ODCONA                                            (abs)        003A42
_ODCONB                                            (abs)        003A52
_ODCONC                                            (abs)        003A62
_ODCOND                                            (abs)        003A72
_ODCONE                                            (abs)        003A82
_OSCCON1                                           (abs)        0039D9
_OSCCON3                                           (abs)        0039DB
_OSCEN                                             (abs)        0039DD
_OSCFRQ                                            (abs)        0039DF
_OSCTUNE                                           (abs)        0039DE
_PIE0bits                                          (abs)        003990
_PIE3bits                                          (abs)        003993
_PIN_MANAGER_Initialize                            text35       0033B8
_PIR0bits                                          (abs)        0039A0
_PIR1bits                                          (abs)        0039A1
_PIR2bits                                          (abs)        0039A2
_PIR3bits                                          (abs)        0039A3
_PIR5bits                                          (abs)        0039A5
_PIR7bits                                          (abs)        0039A7
_PORTBbits                                         (abs)        003FCB
_PORTCbits                                         (abs)        003FCC
_PORTDbits                                         (abs)        003FCD
_RB1I2C                                            (abs)        003A5A
_RB1PPS                                            (abs)        003A09
_RB2I2C                                            (abs)        003A5B
_RB2PPS                                            (abs)        003A0A
_RC2PPS                                            (abs)        003A12
_RC3I2C                                            (abs)        003A6A
_RC4I2C                                            (abs)        003A6B
_RD0I2C                                            (abs)        003A7A
_RD0PPS                                            (abs)        003A18
_RD1I2C                                            (abs)        003A7B
_RTC_SleepUntil                                    text45       0036CE
_RTC_UpdateTime                                    text41       003EB8
_SLRCONA                                           (abs)        003A43
_SLRCONB                                           (abs)        003A53
_SLRCONC                                           (abs)        003A63
_SLRCOND                                           (abs)        003A73
_SLRCONE                                           (abs)        003A83
_SYSTEM_Initialize                                 text26       003DBC
_SendMessage                                       bssBANK0     0000EE
_T0CON0bits                                        (abs)        003FB8
_T0CON1bits                                        (abs)        003FB9
_TMR0H                                             (abs)        003FB7
_TMR0L                                             (abs)        003FB6
_TRISA                                             (abs)        003FC2
_TRISAbits                                         (abs)        003FC2
_TRISB                                             (abs)        003FC3
_TRISBbits                                         (abs)        003FC3
_TRISC                                             (abs)        003FC4
_TRISCbits                                         (abs)        003FC4
_TRISD                                             (abs)        003FC5
_TRISDbits                                         (abs)        003FC5
_TRISE                                             (abs)        003FC6
_Timer0_Init                                       text25       003D82
_U1BRGH                                            (abs)        003DF6
_U1BRGL                                            (abs)        003DF5
_U1CON0                                            (abs)        003DF2
_U1CON0bits                                        (abs)        003DF2
_U1CON1                                            (abs)        003DF3
_U1CON1bits                                        (abs)        003DF3
_U1CON2                                            (abs)        003DF4
_U1ERRIE                                           (abs)        003DFA
_U1ERRIR                                           (abs)        003DF9
_U1ERRIRbits                                       (abs)        003DF9
_U1FIFO                                            (abs)        003DF7
_U1FIFObits                                        (abs)        003DF7
_U1P1H                                             (abs)        003DED
_U1P1L                                             (abs)        003DEC
_U1P2H                                             (abs)        003DEF
_U1P2L                                             (abs)        003DEE
_U1P3H                                             (abs)        003DF1
_U1P3L                                             (abs)        003DF0
_U1RXB                                             (abs)        003DE8
_U1RXCHK                                           (abs)        003DE9
_U1RXPPS                                           (abs)        003AE5
_U1TXB                                             (abs)        003DEA
_U1TXCHK                                           (abs)        003DEB
_U1UIR                                             (abs)        003DF8
_U1UIRbits                                         (abs)        003DF8
_U2BRGH                                            (abs)        003DDE
_U2BRGL                                            (abs)        003DDD
_U2CON0                                            (abs)        003DDA
_U2CON0bits                                        (abs)        003DDA
_U2CON1                                            (abs)        003DDB
_U2CON1bits                                        (abs)        003DDB
_U2CON2                                            (abs)        003DDC
_U2ERRIE                                           (abs)        003DE2
_U2ERRIR                                           (abs)        003DE1
_U2ERRIRbits                                       (abs)        003DE1
_U2FIFO                                            (abs)        003DDF
_U2FIFObits                                        (abs)        003DDF
_U2P1L                                             (abs)        003DD4
_U2P2L                                             (abs)        003DD6
_U2P3L                                             (abs)        003DD8
_U2RXB                                             (abs)        003DD0
_U2RXPPS                                           (abs)        003AE8
_U2TXB                                             (abs)        003DD2
_U2UIR                                             (abs)        003DE0
_U2UIRbits                                         (abs)        003DE0
_UART1                                             smallconst   002001
_UART1_AutoBaudQuery                               (abs)        000000
_UART1_AutoBaudSet                                 (abs)        000000
_UART1_DefaultFramingErrorCallback                 (abs)        000000
_UART1_DefaultOverrunErrorCallback                 (abs)        000000
_UART1_DefaultParityErrorCallback                  (abs)        000000
_UART1_Deinitialize                                (abs)        000000
_UART1_ErrorGet                                    (abs)        000000
_UART1_FramingErrorCallbackRegister                text34       003D42
_UART1_FramingErrorHandler                         bssBANK0     0000BE
_UART1_Initialize                                  text31       003662
_UART1_IsRxReady                                   text24       003DEC
_UART1_IsTxDone                                    (abs)        000000
_UART1_IsTxReady                                   text22       003C4C
_UART1_IsTxReady$1590                              cstackCOMRAM 000001
_UART1_OverrunErrorCallbackRegister                text33       003D20
_UART1_OverrunErrorHandler                         bssBANK0     0000BB
_UART1_ParityErrorCallbackRegister                 text32       003CFE
_UART1_ParityErrorHandler                          bssBANK0     0000B8
_UART1_Read                                        text23       003EB2
_UART1_TransmitDisable                             (abs)        000000
_UART1_TransmitEnable                              (abs)        000000
_UART1_Write                                       text21       003EAA
_UART2_DefaultFramingErrorCallback                 (abs)        000000
_UART2_DefaultOverrunErrorCallback                 (abs)        000000
_UART2_DefaultParityErrorCallback                  (abs)        000000
_UART2_FramingErrorCallbackRegister                text30       003CDC
_UART2_FramingErrorHandler                         bssBANK0     0000C7
_UART2_Initialize                                  text27       00379E
_UART2_IsTxDone                                    text46       003E18
_UART2_IsTxReady                                   text16       003C24
_UART2_IsTxReady$1042                              cstackCOMRAM 000001
_UART2_OverrunErrorCallbackRegister                text29       003CBA
_UART2_OverrunErrorHandler                         bssBANK0     0000C4
_UART2_ParityErrorCallbackRegister                 text28       003C98
_UART2_ParityErrorHandler                          bssBANK0     0000C1
_UART2_Write                                       text15       003EA0
_UART_SendString                                   text20       0039AA
_VREGCONbits                                       (abs)        0039D1
_WPUA                                              (abs)        003A41
_WPUB                                              (abs)        003A51
_WPUBbits                                          (abs)        003A51
_WPUC                                              (abs)        003A61
_WPUCbits                                          (abs)        003A61
_WPUD                                              (abs)        003A71
_WPUE                                              (abs)        003A81
__HRAM                                             (abs)        000000
__H__absolute__                                    __absolute__ 000000
__Habs1                                            abs1         000000
__Hbank0                                           bank0        000000
__Hbank1                                           bank1        000000
__Hbank10                                          bank10       000000
__Hbank11                                          bank11       000000
__Hbank12                                          bank12       000000
__Hbank13                                          bank13       000000
__Hbank14                                          bank14       000000
__Hbank15                                          bank15       000000
__Hbank16                                          bank16       000000
__Hbank17                                          bank17       000000
__Hbank18                                          bank18       000000
__Hbank19                                          bank19       000000
__Hbank2                                           bank2        000000
__Hbank20                                          bank20       000000
__Hbank21                                          bank21       000000
__Hbank22                                          bank22       000000
__Hbank23                                          bank23       000000
__Hbank24                                          bank24       000000
__Hbank25                                          bank25       000000
__Hbank26                                          bank26       000000
__Hbank27                                          bank27       000000
__Hbank28                                          bank28       000000
__Hbank29                                          bank29       000000
__Hbank3                                           bank3        000000
__Hbank30                                          bank30       000000
__Hbank31                                          bank31       000000
__Hbank4                                           bank4        000000
__Hbank5                                           bank5        000000
__Hbank6                                           bank6        000000
__Hbank7                                           bank7        000000
__Hbank8                                           bank8        000000
__Hbank9                                           bank9        000000
__Hbigbss                                          bigbss       000000
__Hbigdata                                         bigdata      000000
__Hbigram                                          bigram       000000
__Hbigsfr                                          bigsfr       000000
__Hbss                                             bss          000000
__HbssBANK0                                        bssBANK0     000000
__HbssBANK1                                        bssBANK1     000000
__HbssCOMRAM                                       bssCOMRAM    000000
__Hcinit                                           cinit        000000
__Hclrtext                                         clrtext      000000
__Hcomram                                          comram       000000
__Hconfig                                          config       30000A
__Hconst                                           const        000000
__HcstackBANK0                                     cstackBANK0  000000
__HcstackCOMRAM                                    cstackCOMRAM 000000
__Hdata                                            data         000000
__Heeprom_data                                     eeprom_data  000000
__Hfarbss                                          farbss       000000
__Hfardata                                         fardata      000000
__Hheap                                            heap         000000
__Hibigdata                                        ibigdata     000000
__Hidata                                           idata        000000
__Hidloc                                           idloc        000000
__Hifardata                                        ifardata     000000
__Hinit                                            init         00001E
__Hintsave_regs                                    intsave_regs 000000
__Hirdata                                          irdata       000000
__Hivt0x8                                          ivt0x8       00001A
__Hmediumconst                                     mediumconst  000000
__HnvFARRAM                                        nvFARRAM     000000
__Hnvbit                                           nvbit        000000
__Hnvrram                                          nvrram       000000
__Hparam                                           rparam       000000
__Hpowerup                                         powerup      000000
__Hram                                             ram          000000
__Hramtop                                          ramtop       002000
__Hrbit                                            rbit         000000
__Hrbss                                            rbss         000000
__Hrdata                                           rdata        000000
__Hreset_vec                                       reset_vec    000004
__Hrparam                                          rparam       000000
__Hsfr                                             sfr          000000
__Hsmallconst                                      smallconst   0020DE
__Hspace_0                                         (abs)        003EBE
__Hspace_1                                         (abs)        000120
__Hspace_2                                         (abs)        000000
__Hspace_4                                         (abs)        60000A
__Hstack                                           stack        000000
__Hstruct                                          struct       000000
__Htemp                                            temp         000000
__Htext                                            text         000000
__Htext0                                           text0        000000
__Htext1                                           text1        000000
__Htext10                                          text10       000000
__Htext11                                          text11       000000
__Htext12                                          text12       000000
__Htext13                                          text13       000000
__Htext14                                          text14       000000
__Htext15                                          text15       000000
__Htext16                                          text16       000000
__Htext17                                          text17       000000
__Htext18                                          text18       000000
__Htext19                                          text19       000000
__Htext2                                           text2        000000
__Htext20                                          text20       000000
__Htext21                                          text21       000000
__Htext22                                          text22       000000
__Htext23                                          text23       000000
__Htext24                                          text24       000000
__Htext25                                          text25       000000
__Htext26                                          text26       000000
__Htext27                                          text27       000000
__Htext28                                          text28       000000
__Htext29                                          text29       000000
__Htext3                                           text3        000000
__Htext30                                          text30       000000
__Htext31                                          text31       000000
__Htext32                                          text32       000000
__Htext33                                          text33       000000
__Htext34                                          text34       000000
__Htext35                                          text35       000000
__Htext36                                          text36       000000
__Htext37                                          text37       000000
__Htext38                                          text38       000000
__Htext39                                          text39       000000
__Htext4                                           text4        000000
__Htext40                                          text40       000000
__Htext41                                          text41       000000
__Htext42                                          text42       000000
__Htext43                                          text43       000000
__Htext44                                          text44       000000
__Htext45                                          text45       000000
__Htext46                                          text46       000000
__Htext47                                          text47       000000
__Htext48                                          text48       000000
__Htext49                                          text49       000000
__Htext5                                           text5        000000
__Htext50                                          text50       000000
__Htext51                                          text51       000000
__Htext52                                          text52       000000
__Htext53                                          text53       000000
__Htext54                                          text54       000000
__Htext55                                          text55       000000
__Htext56                                          text56       000000
__Htext57                                          text57       000000
__Htext58                                          text58       000000
__Htext59                                          text59       000000
__Htext6                                           text6        000000
__Htext60                                          text60       000000
__Htext61                                          text61       000000
__Htext62                                          text62       000000
__Htext63                                          text63       000000
__Htext64                                          text64       000000
__Htext65                                          text65       000000
__Htext66                                          text66       000000
__Htext7                                           text7        000000
__Htext8                                           text8        000000
__Htext9                                           text9        000000
__LRAM                                             (abs)        000001
__L__absolute__                                    __absolute__ 000000
__Labs1                                            abs1         000000
__Lbank0                                           bank0        000000
__Lbank1                                           bank1        000000
__Lbank10                                          bank10       000000
__Lbank11                                          bank11       000000
__Lbank12                                          bank12       000000
__Lbank13                                          bank13       000000
__Lbank14                                          bank14       000000
__Lbank15                                          bank15       000000
__Lbank16                                          bank16       000000
__Lbank17                                          bank17       000000
__Lbank18                                          bank18       000000
__Lbank19                                          bank19       000000
__Lbank2                                           bank2        000000
__Lbank20                                          bank20       000000
__Lbank21                                          bank21       000000
__Lbank22                                          bank22       000000
__Lbank23                                          bank23       000000
__Lbank24                                          bank24       000000
__Lbank25                                          bank25       000000
__Lbank26                                          bank26       000000
__Lbank27                                          bank27       000000
__Lbank28                                          bank28       000000
__Lbank29                                          bank29       000000
__Lbank3                                           bank3        000000
__Lbank30                                          bank30       000000
__Lbank31                                          bank31       000000
__Lbank4                                           bank4        000000
__Lbank5                                           bank5        000000
__Lbank6                                           bank6        000000
__Lbank7                                           bank7        000000
__Lbank8                                           bank8        000000
__Lbank9                                           bank9        000000
__Lbigbss                                          bigbss       000000
__Lbigdata                                         bigdata      000000
__Lbigram                                          bigram       000000
__Lbigsfr                                          bigsfr       000000
__Lbss                                             bss          000000
__LbssBANK0                                        bssBANK0     000000
__LbssBANK1                                        bssBANK1     000000
__LbssCOMRAM                                       bssCOMRAM    000000
__Lcinit                                           cinit        000000
__Lclrtext                                         clrtext      000000
__Lcomram                                          comram       000000
__Lconfig                                          config       000000
__Lconst                                           const        000000
__LcstackBANK0                                     cstackBANK0  000000
__LcstackCOMRAM                                    cstackCOMRAM 000000
__Ldata                                            data         000000
__Leeprom_data                                     eeprom_data  000000
__Lfarbss                                          farbss       000000
__Lfardata                                         fardata      000000
__Lheap                                            heap         000000
__Libigdata                                        ibigdata     000000
__Lidata                                           idata        000000
__Lidloc                                           idloc        000000
__Lifardata                                        ifardata     000000
__Linit                                            init         00001A
__Lintsave_regs                                    intsave_regs 000000
__Lirdata                                          irdata       000000
__Livt0x8                                          ivt0x8       000008
__Lmediumconst                                     mediumconst  000000
__LnvFARRAM                                        nvFARRAM     000000
__Lnvbit                                           nvbit        000000
__Lnvrram                                          nvrram       000000
__Lparam                                           rparam       000000
__Lpowerup                                         powerup      000000
__Lram                                             ram          000000
__Lramtop                                          ramtop       002000
__Lrbit                                            rbit         000000
__Lrbss                                            rbss         000000
__Lrdata                                           rdata        000000
__Lreset_vec                                       reset_vec    000000
__Lrparam                                          rparam       000000
__Lsfr                                             sfr          000000
__Lsmallconst                                      smallconst   002000
__Lspace_0                                         (abs)        000000
__Lspace_1                                         (abs)        000000
__Lspace_2                                         (abs)        000000
__Lspace_4                                         (abs)        000000
__Lstack                                           stack        000000
__Lstruct                                          struct       000000
__Ltemp                                            temp         000000
__Ltext                                            text         000000
__Ltext0                                           text0        000000
__Ltext1                                           text1        000000
__Ltext10                                          text10       000000
__Ltext11                                          text11       000000
__Ltext12                                          text12       000000
__Ltext13                                          text13       000000
__Ltext14                                          text14       000000
__Ltext15                                          text15       000000
__Ltext16                                          text16       000000
__Ltext17                                          text17       000000
__Ltext18                                          text18       000000
__Ltext19                                          text19       000000
__Ltext2                                           text2        000000
__Ltext20                                          text20       000000
__Ltext21                                          text21       000000
__Ltext22                                          text22       000000
__Ltext23                                          text23       000000
__Ltext24                                          text24       000000
__Ltext25                                          text25       000000
__Ltext26                                          text26       000000
__Ltext27                                          text27       000000
__Ltext28                                          text28       000000
__Ltext29                                          text29       000000
__Ltext3                                           text3        000000
__Ltext30                                          text30       000000
__Ltext31                                          text31       000000
__Ltext32                                          text32       000000
__Ltext33                                          text33       000000
__Ltext34                                          text34       000000
__Ltext35                                          text35       000000
__Ltext36                                          text36       000000
__Ltext37                                          text37       000000
__Ltext38                                          text38       000000
__Ltext39                                          text39       000000
__Ltext4                                           text4        000000
__Ltext40                                          text40       000000
__Ltext41                                          text41       000000
__Ltext42                                          text42       000000
__Ltext43                                          text43       000000
__Ltext44                                          text44       000000
__Ltext45                                          text45       000000
__Ltext46                                          text46       000000
__Ltext47                                          text47       000000
__Ltext48                                          text48       000000
__Ltext49                                          text49       000000
__Ltext5                                           text5        000000
__Ltext50                                          text50       000000
__Ltext51                                          text51       000000
__Ltext52                                          text52       000000
__Ltext53                                          text53       000000
__Ltext54                                          text54       000000
__Ltext55                                          text55       000000
__Ltext56                                          text56       000000
__Ltext57                                          text57       000000
__Ltext58                                          text58       000000
__Ltext59                                          text59       000000
__Ltext6                                           text6        000000
__Ltext60                                          text60       000000
__Ltext61                                          text61       000000
__Ltext62                                          text62       000000
__Ltext63                                          text63       000000
__Ltext64                                          text64       000000
__Ltext65                                          text65       000000
__Ltext66                                          text66       000000
__Ltext7                                           text7        000000
__Ltext8                                           text8        000000
__Ltext9                                           text9        000000
__S0                                               (abs)        003EBE
__S1                                               (abs)        000120
__S4                                               (abs)        000000
__S5                                               (abs)        000000
___awdiv                                           text50       0030E8
___awdiv@counter                                   cstackCOMRAM 000005
___awdiv@dividend                                  cstackCOMRAM 000001
___awdiv@divisor                                   cstackCOMRAM 000003
___awdiv@quotient                                  cstackCOMRAM 000007
___awdiv@sign                                      cstackCOMRAM 000006
___awmod                                           text49       00325E
___awmod@counter                                   cstackCOMRAM 000005
___awmod@dividend                                  cstackCOMRAM 000001
___awmod@divisor                                   cstackCOMRAM 000003
___awmod@sign                                      cstackCOMRAM 000006
___heap_hi                                         (abs)        000000
___heap_lo                                         (abs)        000000
___inthi_sp                                        stack        000000
___inthi_stack_hi                                  stack        000000
___inthi_stack_lo                                  stack        000000
___intlo_sp                                        stack        000000
___intlo_stack_hi                                  stack        000000
___intlo_stack_lo                                  stack        000000
___lwdiv                                           text8        0035F0
___lwdiv@counter                                   cstackCOMRAM 000007
___lwdiv@dividend                                  cstackCOMRAM 000001
___lwdiv@divisor                                   cstackCOMRAM 000003
___lwdiv@quotient                                  cstackCOMRAM 000005
___lwmod                                           text7        00373A
___lwmod@counter                                   cstackCOMRAM 000005
___lwmod@dividend                                  cstackCOMRAM 000001
___lwmod@divisor                                   cstackCOMRAM 000003
___param_bank                                      (abs)        000000
___rparam_used                                     (abs)        000001
___sp                                              stack        000000
___stack_hi                                        stack        000000
___stack_lo                                        stack        000000
__accesstop                                        (abs)        000060
__activetblptr                                     (abs)        000003
__end_of_ADC_Init                                  text65       003AD2
__end_of_ADC_Read                                  text64       003BFA
__end_of_CLOCK_Initialize                          text40       003E6A
__end_of_DS3231_ClearAlarmFlag                     text51       003EA0
__end_of_DS3231_ReadTime                           text42       0035F0
__end_of_DS3231_SetAlarm1                          text47       003022
__end_of_DS3231_WriteRegister                      text52       003A62
__end_of_I2C1_BusReset                             text59       003BCC
__end_of_I2C1_Close                                text58       003DBC
__end_of_I2C1_Deinitialize                         text62       003E58
__end_of_I2C1_Initialize                           text61       003850
__end_of_I2C1_IsBusy                               text60       003C24
__end_of_I2C1_ReadStart                            text57       003C98
__end_of_I2C1_Tasks                                text56       002C02
__end_of_I2C1_WaitDone                             text55       00356E
__end_of_I2C1_Write                                text53       003928
__end_of_I2C1_WriteRead                            text44       00389C
__end_of_I2C1_WriteStart                           text54       003A9A
__end_of_INT0_SetInterruptHandler                  text39       003E94
__end_of_INT1_SetInterruptHandler                  text38       003E86
__end_of_INT2_SetInterruptHandler                  text37       003E78
__end_of_INTERRUPT_Initialize                      text36       0038E2
__end_of_ISR                                       text66       0030E8
__end_of_Init_RTC_Interrupt_RC5                    text63       003E44
__end_of_PIN_MANAGER_Initialize                    text35       00345E
__end_of_RTC_SleepUntil                            text45       00373A
__end_of_RTC_UpdateTime                            text41       003EBE
__end_of_SYSTEM_Initialize                         text26       003DD6
__end_of_Timer0_Init                               text25       003DA0
__end_of_UART1                                     smallconst   002049
__end_of_UART1_FramingErrorCallbackRegister        text34       003D64
__end_of_UART1_Initialize                          text31       0036CE
__end_of_UART1_IsRxReady                           text24       003E02
__end_of_UART1_IsTxReady                           text22       003C74
__end_of_UART1_OverrunErrorCallbackRegister        text33       003D42
__end_of_UART1_ParityErrorCallbackRegister         text32       003D20
__end_of_UART1_Read                                text23       003EB8
__end_of_UART1_Write                               text21       003EB2
__end_of_UART2_FramingErrorCallbackRegister        text30       003CFE
__end_of_UART2_Initialize                          text27       0037FE
__end_of_UART2_IsTxDone                            text46       003E2E
__end_of_UART2_IsTxReady                           text16       003C4C
__end_of_UART2_OverrunErrorCallbackRegister        text29       003CDC
__end_of_UART2_ParityErrorCallbackRegister         text28       003CBA
__end_of_UART2_Write                               text15       003EAA
__end_of_UART_SendString                           text20       0039EA
__end_of___awdiv                                   text50       0031A8
__end_of___awmod                                   text49       00330C
__end_of___lwdiv                                   text8        003662
__end_of___lwmod                                   text7        00379E
__end_of__initialization                           cinit        003B02
__end_of_abs                                       text17       003B3C
__end_of_bcd_to_dec                                text43       003E18
__end_of_buttonInit                                text19       0039AA
__end_of_buttonTask                                text18       002A28
__end_of_dec_to_bcd                                text48       003B6E
__end_of_dtoa                                      text10       002D6C
__end_of_fputc                                     text13       0033B8
__end_of_fputs                                     text12       003A28
__end_of_main                                      text0        0025D6
__end_of_pad                                       text11       0034EA
__end_of_printf                                    text2        003DEC
__end_of_putch                                     text14       003D82
__end_of_read_prec_or_width                        text9        00325E
__end_of_sprintf                                   text1        003B9E
__end_of_utoa                                      text6        002F4C
__end_of_vfpfcnvrt                                 text4        00280C
__end_of_vfprintf                                  text3        00396A
__end_of_xtoa                                      text5        002E6C
__initialization                                   cinit        003AD2
__mediumconst                                      smallconst   002000
__pbssBANK0                                        bssBANK0     0000B5
__pbssBANK1                                        bssBANK1     000100
__pbssCOMRAM                                       bssCOMRAM    00004E
__pcinit                                           cinit        003AD2
__pcstackBANK0                                     cstackBANK0  000060
__pcstackCOMRAM                                    cstackCOMRAM 000001
__pivt0x8                                          ivt0x8       000008
__psmallconst                                      smallconst   002000
__ptext0                                           text0        0020DE
__ptext1                                           text1        003B6E
__ptext10                                          text10       002C02
__ptext11                                          text11       00345E
__ptext12                                          text12       0039EA
__ptext13                                          text13       00330C
__ptext14                                          text14       003D64
__ptext15                                          text15       003EA0
__ptext16                                          text16       003C24
__ptext17                                          text17       003B08
__ptext18                                          text18       00280C
__ptext19                                          text19       00396A
__ptext2                                           text2        003DD6
__ptext20                                          text20       0039AA
__ptext21                                          text21       003EAA
__ptext22                                          text22       003C4C
__ptext23                                          text23       003EB2
__ptext24                                          text24       003DEC
__ptext25                                          text25       003D82
__ptext26                                          text26       003DBC
__ptext27                                          text27       00379E
__ptext28                                          text28       003C98
__ptext29                                          text29       003CBA
__ptext3                                           text3        003928
__ptext30                                          text30       003CDC
__ptext31                                          text31       003662
__ptext32                                          text32       003CFE
__ptext33                                          text33       003D20
__ptext34                                          text34       003D42
__ptext35                                          text35       0033B8
__ptext36                                          text36       00389C
__ptext37                                          text37       003E6A
__ptext38                                          text38       003E78
__ptext39                                          text39       003E86
__ptext4                                           text4        0025D6
__ptext40                                          text40       003E58
__ptext41                                          text41       003EB8
__ptext42                                          text42       00356E
__ptext43                                          text43       003E02
__ptext44                                          text44       003850
__ptext45                                          text45       0036CE
__ptext46                                          text46       003E18
__ptext47                                          text47       002F4C
__ptext48                                          text48       003B3C
__ptext49                                          text49       00325E
__ptext5                                           text5        002D6C
__ptext50                                          text50       0030E8
__ptext51                                          text51       003E94
__ptext52                                          text52       003A28
__ptext53                                          text53       0038E2
__ptext54                                          text54       003A62
__ptext55                                          text55       0034EA
__ptext56                                          text56       002A28
__ptext57                                          text57       003C74
__ptext58                                          text58       003DA0
__ptext59                                          text59       003B9E
__ptext6                                           text6        002E6C
__ptext60                                          text60       003BFA
__ptext61                                          text61       0037FE
__ptext62                                          text62       003E44
__ptext63                                          text63       003E2E
__ptext64                                          text64       003BCC
__ptext65                                          text65       003A9A
__ptext66                                          text66       003022
__ptext7                                           text7        00373A
__ptext8                                           text8        0035F0
__ptext9                                           text9        0031A8
__ramtop                                           ramtop       002000
__smallconst                                       smallconst   002000
_abs                                               text17       003B08
_bcd_to_dec                                        text43       003E02
_buttonInit                                        text19       00396A
_buttonTask                                        text18       00280C
_dbuf                                              bssBANK1     000100
_dec_to_bcd                                        text48       003B3C
_dtoa                                              text10       002C02
_dtoa$3558                                         cstackCOMRAM 00001C
_flags                                             bssCOMRAM    00005D
_fputc                                             text13       00330C
_fputs                                             text12       0039EA
_hour                                              bssBANK0     0000F2
_i2c1Status                                        bssCOMRAM    00004E
_main                                              text0        0020DE
_min                                               bssBANK0     0000F1
_pad                                               text11       00345E
_prec                                              bssBANK0     0000D6
_printf                                            text2        003DD6
_putch                                             text14       003D64
_read_prec_or_width                                text9        0031A8
_rtcWake                                           bssCOMRAM    00005E
_sec                                               bssBANK0     0000F3
_sprintf                                           text1        003B6E
_uart1RxLastError                                  bssBANK0     0000EA
_uart2RxLastError                                  bssBANK0     0000EC
_utoa                                              text6        002E6C
_vfpfcnvrt                                         text4        0025D6
_vfprintf                                          text3        003928
_width                                             bssCOMRAM    000059
_xtoa                                              text5        002D6C
abs@a                                              cstackCOMRAM 000007
bcd_to_dec@val                                     cstackCOMRAM 000002
dec_to_bcd@val                                     cstackCOMRAM 00000B
dtoa@d                                             cstackCOMRAM 00001A
dtoa@fp                                            cstackCOMRAM 000019
dtoa@i                                             cstackCOMRAM 000022
dtoa@p                                             cstackCOMRAM 00001E
dtoa@s                                             cstackCOMRAM 000021
dtoa@w                                             cstackCOMRAM 00001F
end_of_initialization                              cinit        003B02
fputc@c                                            cstackCOMRAM 000003
fputc@fp                                           cstackCOMRAM 000005
fputs@c                                            cstackCOMRAM 00000E
fputs@fp                                           cstackCOMRAM 00000D
fputs@i                                            cstackCOMRAM 00000F
fputs@s                                            cstackCOMRAM 00000B
intlevel0                                          text         000000
intlevel1                                          text         000000
intlevel2                                          text         000000
intlevel3                                          text         000000
isa$std                                            (abs)        000001
isa$xinst                                          (abs)        000000
ivt0x8_base                                        ivt0x8       000008
main@IRWasHigh                                     cstackBANK0  0000A6
main@PIR_Reset                                     cstackBANK0  0000A4
main@adc                                           cstackBANK0  0000B2
main@buffer                                        cstackBANK0  000062
main@c                                             cstackBANK0  0000B4
main@count                                         cstackBANK0  0000AA
main@prevsec                                       cstackBANK0  0000A3
main@sleepHour                                     cstackBANK0  0000A8
main@sleepMinute                                   cstackBANK0  0000A2
main@state                                         cstackBANK0  0000AE
main@targetsec                                     cstackBANK0  0000AF
main@toggle                                        cstackBANK0  0000AC
main@wakeHour                                      cstackBANK0  0000B1
main@wakeMinute                                    cstackBANK0  0000A9
pad@buf                                            cstackCOMRAM 000012
pad@fp                                             cstackCOMRAM 000011
pad@i                                              cstackCOMRAM 000017
pad@p                                              cstackCOMRAM 000014
printf@ap                                          cstackCOMRAM 000039
printf@fmt                                         cstackCOMRAM 000032
putch@c                                            cstackCOMRAM 000002
read_prec_or_width@ap                              cstackCOMRAM 000002
read_prec_or_width@c                               cstackCOMRAM 000005
read_prec_or_width@fmt                             cstackCOMRAM 000001
read_prec_or_width@n                               cstackCOMRAM 000006
sprintf@ap                                         cstackCOMRAM 000042
sprintf@f                                          cstackCOMRAM 000043
sprintf@fmt                                        cstackCOMRAM 000033
sprintf@s                                          cstackCOMRAM 000032
stackhi                                            (abs)        000000
stacklo                                            (abs)        000000
start                                              init         00001A
start_initialization                               cinit        003AD2
utoa@d                                             cstackCOMRAM 00001A
utoa@fp                                            cstackCOMRAM 000019
utoa@i                                             cstackCOMRAM 00001F
utoa@p                                             cstackCOMRAM 00001C
utoa@w                                             cstackCOMRAM 00001D
vfpfcnvrt@ap                                       cstackCOMRAM 000027
vfpfcnvrt@convarg                                  cstackCOMRAM 000029
vfpfcnvrt@cp                                       cstackCOMRAM 00002D
vfpfcnvrt@done                                     cstackCOMRAM 000028
vfpfcnvrt@fmt                                      cstackCOMRAM 000026
vfpfcnvrt@fp                                       cstackCOMRAM 000025
vfprintf@ap                                        cstackCOMRAM 000030
vfprintf@cfmt                                      cstackCOMRAM 000031
vfprintf@fmt                                       cstackCOMRAM 00002F
vfprintf@fp                                        cstackCOMRAM 00002E
xtoa@c                                             cstackCOMRAM 000022
xtoa@d                                             cstackCOMRAM 00001A
xtoa@fp                                            cstackCOMRAM 000019
xtoa@i                                             cstackCOMRAM 000023
xtoa@p                                             cstackCOMRAM 00001F
xtoa@w                                             cstackCOMRAM 000020


MODULE INFORMATION

Module		Function		Class		Link	Load	Size
/Applications/microchip/xc8/v3.10/pic/sources/c99/common/lwdiv.c
		___lwdiv       		CODE           	35F0	0000	114

/Applications/microchip/xc8/v3.10/pic/sources/c99/common/lwdiv.c estimated size: 114

/Applications/microchip/xc8/v3.10/pic/sources/c99/common/nf_sprintf.c
		_sprintf       		CODE           	3B6E	0000	48

/Applications/microchip/xc8/v3.10/pic/sources/c99/common/nf_sprintf.c estimated size: 48

/Applications/microchip/xc8/v3.10/pic/sources/c99/common/printf.c
		_printf        		CODE           	3DD6	0000	22

/Applications/microchip/xc8/v3.10/pic/sources/c99/common/printf.c estimated size: 22

functions.c
		_RTC_SleepUntil		CODE           	36CE	0000	108
		_RTC_UpdateTime		CODE           	3EB8	0000	6
		_DS3231_WriteRegister		CODE           	3A28	0000	58
		_UART_SendString		CODE           	39AA	0000	64
		_Timer0_Init   		CODE           	3D82	0000	30
		_I2C1_WaitDone 		CODE           	34EA	0000	132
		_putch         		CODE           	3D64	0000	30
		_bcd_to_dec    		CODE           	3E02	0000	22
		_dec_to_bcd    		CODE           	3B3C	0000	50
		_buttonTask    		CODE           	280C	0000	540
		_DS3231_ClearAlarmFlag		CODE           	3E94	0000	12
		_DS3231_ReadTime		CODE           	356E	0000	130
		_buttonInit    		CODE           	396A	0000	64
		_Init_RTC_Interrupt_RC5		CODE           	3E2E	0000	22
		_ADC_Read      		CODE           	3BCC	0000	46
		_DS3231_SetAlarm1		CODE           	2F4C	0000	214
		_ADC_Init      		CODE           	3A9A	0000	56

functions.c estimated size: 1584

/Applications/microchip/xc8/v3.10/pic/sources/c99/common/awdiv.c
		___awdiv       		CODE           	30E8	0000	192

/Applications/microchip/xc8/v3.10/pic/sources/c99/common/awdiv.c estimated size: 192

mcc_generated_files/system/src/interrupt.c
		_INT0_SetInterruptHandler		CODE           	3E86	0000	14
		_INT1_SetInterruptHandler		CODE           	3E78	0000	14
		_INT2_SetInterruptHandler		CODE           	3E6A	0000	14
		_INTERRUPT_Initialize		CODE           	389C	0000	70

mcc_generated_files/system/src/interrupt.c estimated size: 112

mcc_generated_files/uart/src/uart1.c
		_UART1_IsRxReady		CODE           	3DEC	0000	22
		_UART1_IsTxReady		CODE           	3C4C	0000	40
		_UART1_Write   		CODE           	3EAA	0000	8
		_UART1_FramingErrorCallbackRegister		CODE           	3D42	0000	34
		_UART1_OverrunErrorCallbackRegister		CODE           	3D20	0000	34
		_UART1_Initialize		CODE           	3662	0000	108
		_UART1_Read    		CODE           	3EB2	0000	6
		_UART1_ParityErrorCallbackRegister		CODE           	3CFE	0000	34

mcc_generated_files/uart/src/uart1.c estimated size: 286

mcc_generated_files/i2c_host/src/i2c1.c
		_I2C1_Tasks    		CODE           	2A28	0000	474
		_I2C1_WriteStart		CODE           	3A62	0000	56
		_I2C1_ReadStart		CODE           	3C74	0000	36
		_I2C1_Deinitialize		CODE           	3E44	0000	20
		_I2C1_IsBusy   		CODE           	3BFA	0000	42
		_I2C1_BusReset 		CODE           	3B9E	0000	46
		_I2C1_Initialize		CODE           	37FE	0000	82
		_I2C1_Close    		CODE           	3DA0	0000	28
		_I2C1_Write    		CODE           	38E2	0000	70
		_I2C1_WriteRead		CODE           	3850	0000	76

mcc_generated_files/i2c_host/src/i2c1.c estimated size: 930

/Applications/microchip/xc8/v3.10/pic/sources/c99/common/nf_fputs.c
		_fputs         		CODE           	39EA	0000	62

/Applications/microchip/xc8/v3.10/pic/sources/c99/common/nf_fputs.c estimated size: 62

mcc_generated_files/system/src/pins.c
		_PIN_MANAGER_Initialize		CODE           	33B8	0000	166

mcc_generated_files/system/src/pins.c estimated size: 166

shared
		__initialization		CODE           	3AD2	0000	48
		_UART1         		SMALLCONST     	2001	0000	72

shared estimated size: 120

/Applications/microchip/xc8/v3.10/pic/sources/c99/common/lwmod.c
		___lwmod       		CODE           	373A	0000	100

/Applications/microchip/xc8/v3.10/pic/sources/c99/common/lwmod.c estimated size: 100

/Applications/microchip/xc8/v3.10/pic/sources/c99/common/doprnt.c
		_read_prec_or_width		CODE           	31A8	0000	182
		_vfpfcnvrt     		CODE           	25D6	0000	566
		_pad           		CODE           	345E	0000	140
		_dtoa          		CODE           	2C02	0000	362
		_vfprintf      		CODE           	3928	0000	66
		_utoa          		CODE           	2E6C	0000	224
		_xtoa          		CODE           	2D6C	0000	256

/Applications/microchip/xc8/v3.10/pic/sources/c99/common/doprnt.c estimated size: 1796

mcc_generated_files/system/src/clock.c
		_CLOCK_Initialize		CODE           	3E58	0000	18

mcc_generated_files/system/src/clock.c estimated size: 18

/Applications/microchip/xc8/v3.10/pic/sources/c99/common/abs.c
		_abs           		CODE           	3B08	0000	52

/Applications/microchip/xc8/v3.10/pic/sources/c99/common/abs.c estimated size: 52

main.c
		_ISR           		CODE           	3022	0000	198
		_main          		CODE           	20DE	0000	1272

main.c estimated size: 1470

mcc_generated_files/uart/src/uart2.c
		_UART2_ParityErrorCallbackRegister		CODE           	3C98	0000	34
		_UART2_IsTxReady		CODE           	3C24	0000	40
		_UART2_Write   		CODE           	3EA0	0000	10
		_UART2_FramingErrorCallbackRegister		CODE           	3CDC	0000	34
		_UART2_OverrunErrorCallbackRegister		CODE           	3CBA	0000	34
		_UART2_Initialize		CODE           	379E	0000	96
		_UART2_IsTxDone		CODE           	3E18	0000	22

mcc_generated_files/uart/src/uart2.c estimated size: 270

/Applications/microchip/xc8/v3.10/pic/sources/c99/common/awmod.c
		___awmod       		CODE           	325E	0000	174

/Applications/microchip/xc8/v3.10/pic/sources/c99/common/awmod.c estimated size: 174

mcc_generated_files/system/src/system.c
		_SYSTEM_Initialize		CODE           	3DBC	0000	26

mcc_generated_files/system/src/system.c estimated size: 26

/Applications/microchip/xc8/v3.10/pic/sources/c99/common/nf_fputc.c
		_fputc         		CODE           	330C	0000	172

/Applications/microchip/xc8/v3.10/pic/sources/c99/common/nf_fputc.c estimated size: 172

