Microchip MPLAB XC8 Compiler V3.10

Linker command line:

-W-3 --edf=/Applications/microchip/xc8/v3.10/pic/dat/20250813170317_en.msgs \
  -pivt0x8=08h -cn -h+dist/default/production/Test.X.production.sym \
  --cmf=dist/default/production/Test.X.production.cmf -z -Q18F47K42 \
  -o/tmp/xcmX1B6vz/driver_tmp_3.o --defsym=__MPLAB_BUILD=1 \
  --fixupoverflow=error -Mdist/default/production/Test.X.production.map \
  --md=/tmp/xcmX1B6vz/driver_tmp_0.dat -E1 -ver=XC8 Compiler \
  -ACODE=00h-01FFFFh -ACONST=00h-01FFFFh \
  -ASMALLCONST=02000h-020FFhx224,012000h-0120FFhx224 \
  -AMEDIUMCONST=02000h-0FFFFh,012000h-01FFFFh -ACOMRAM=01h-05Fh \
  -AABS1=00h-01FFFh -ABIGRAM=01h-01FFFh -ARAM=060h-0FFh,0100h-01FFhx31 \
  -ABANK0=060h-0FFh -ABANK1=0100h-01FFh -ABANK2=0200h-02FFh \
  -ABANK3=0300h-03FFh -ABANK4=0400h-04FFh -ABANK5=0500h-05FFh \
  -ABANK6=0600h-06FFh -ABANK7=0700h-07FFh -ABANK8=0800h-08FFh \
  -ABANK9=0900h-09FFh -ABANK10=0A00h-0AFFh -ABANK11=0B00h-0BFFh \
  -ABANK12=0C00h-0CFFh -ABANK13=0D00h-0DFFh -ABANK14=0E00h-0EFFh \
  -ABANK15=0F00h-0FFFh -ABANK16=01000h-010FFh -ABANK17=01100h-011FFh \
  -ABANK18=01200h-012FFh -ABANK19=01300h-013FFh -ABANK20=01400h-014FFh \
  -ABANK21=01500h-015FFh -ABANK22=01600h-016FFh -ABANK23=01700h-017FFh \
  -ABANK24=01800h-018FFh -ABANK25=01900h-019FFh -ABANK26=01A00h-01AFFh \
  -ABANK27=01B00h-01BFFh -ABANK28=01C00h-01CFFh -ABANK29=01D00h-01DFFh \
  -ABANK30=01E00h-01EFFh -ABANK31=01F00h-01FFFh \
  -ASFR=03800h-038FFhx7,03F00h-03F5Fh,03F60h-03FFFh -ABIGSFR=03800h-03FFFh \
  -ACONFIG=0300000h-0300009h -AIDLOC=0200000h-020000Fh \
  -AEEDATA=0310000h-03103FFh -peeprom_data=EEDATA -preset_vec=00h \
  -ppowerup=CODE,init -pramtop=02000h -psmallconst=SMALLCONST \
  -pmediumconst=MEDIUMCONST -pconst=CONST -AFARRAM=00h-00h \
  -prdata=COMRAM,nvrram=COMRAM,nvbit=COMRAM,rbss=COMRAM,rbit=COMRAM \
  -pfarbss=FARRAM,fardata=FARRAM,nvFARRAM=FARRAM \
  -pintsave_regs=BIGRAM,bigbss=BIGRAM,bigdata=BIGRAM -pbss=RAM \
  -pidata=CODE,irdata=CODE,ibigdata=CODE,ifardata=CODE -prparam=COMRAM \
  /tmp/xcmX1B6vz/driver_tmp_14.o \
  dist/default/production/Test.X.production.o 

Object code version is 3.11

Machine type is 18F47K42



                Name                               Link     Load   Length Selector   Space Scale
/tmp/xcmX1B6vz/driver_tmp_14.o
                config                           300000   300000        A        0       4
                init                                 1A       1A        4        4       0
                reset_vec                             0        0        4        0       0
dist/default/production/Test.X.production.o
                config                           300000   300000        A        0       4
                smallconst                         2000     2000       A2     1000       0
                ivt0x8                                8        8       12        4       0
                text60                             29EE     29EE       CA     1051       0
                text59                             342A     342A       38     1051       0
                text58                             3714     3714       16     1051       0
                text57                             372A     372A       14     1051       0
                text56                             3178     3178       52     1051       0
                text55                             34C2     34C2       2C     1051       0
                text54                             3494     3494       2E     1051       0
                text53                             3696     3696       1E     1051       0
                text52                             3568     3568       26     1051       0
                text51                             22AE     22AE      1FA     1051       0
                text50                             2E12     2E12       84     1051       0
                text49                             33B4     33B4       3C     1051       0
                text48                             3262     3262       48     1051       0
                text47                             2AB8     2AB8       C0     1051       0
                text46                             2C2E     2C2E       AE     1051       0
                text45                             3462     3462       32     1051       0
                text44                             3218     3218       4A     1051       0
                text43                             33F0     33F0       3A     1051       0
                text42                             377A     377A        C     1051       0
                text41                             2918     2918       D6     1051       0
                text40                             36FE     36FE       16     1051       0
                text39                             2FF0     2FF0       6C     1051       0
                text38                             31CA     31CA       4E     1051       0
                text37                             36E8     36E8       16     1051       0
                text36                             2E96     2E96       7C     1051       0
                text35                             3798     3798        6     1051       0
                text34                             373E     373E       12     1051       0
                text33                             376C     376C        E     1051       0
                text32                             375E     375E        E     1051       0
                text31                             3750     3750        E     1051       0
                text30                             32F0     32F0       46     1051       0
                text29                             2CDC     2CDC       A6     1051       0
                text28                             3638     3638       22     1051       0
                text27                             3616     3616       22     1051       0
                text26                             35F4     35F4       22     1051       0
                text25                             2F84     2F84       6C     1051       0
                text24                             35D2     35D2       22     1051       0
                text23                             35B0     35B0       22     1051       0
                text22                             358E     358E       22     1051       0
                text21                             30C0     30C0       60     1051       0
                text20                             36CE     36CE       1A     1051       0
                text19                             3678     3678       1E     1051       0
                text18                             3540     3540       28     1051       0
                text17                             3790     3790        8     1051       0
                text16                             3120     3120       58     1051       0
                text15                             3336     3336       40     1051       0
                text14                             2B78     2B78       B6     1051       0
                text13                             2F12     2F12       72     1051       0
                text12                             305C     305C       64     1051       0
                text11                             3518     3518       28     1051       0
                text10                             3786     3786        A     1051       0
                text9                              365A     365A       1E     1051       0
                text8                              2840     2840       D8     1051       0
                text7                              3376     3376       3E     1051       0
                text6                              2D82     2D82       90     1051       0
                text5                              2766     2766       DA     1051       0
                text4                              266C     266C       FA     1051       0
                text3                              24A8     24A8      1C4     1051       0
                text2                              32AA     32AA       46     1051       0
                text1                              36B4     36B4       1A     1051       0
                text0                              20A2     20A2      20C     1051       0
                cstackCOMRAM                          1        1       51        1       1
                bssBANK0                             60       60       66       60       1
                bssCOMRAM                            52       52        B        1       1
                cinit                              34EE     34EE       2A     1051       0

TOTAL           Name                               Link     Load   Length     Space
        CLASS   CODE           
                init                                 1A       1A        4         0
                reset_vec                             0        0        4         0
                ivt0x8                                8        8       12         0
                text60                             29EE     29EE       CA         0
                text59                             342A     342A       38         0
                text58                             3714     3714       16         0
                text57                             372A     372A       14         0
                text56                             3178     3178       52         0
                text55                             34C2     34C2       2C         0
                text54                             3494     3494       2E         0
                text53                             3696     3696       1E         0
                text52                             3568     3568       26         0
                text51                             22AE     22AE      1FA         0
                text50                             2E12     2E12       84         0
                text49                             33B4     33B4       3C         0
                text48                             3262     3262       48         0
                text47                             2AB8     2AB8       C0         0
                text46                             2C2E     2C2E       AE         0
                text45                             3462     3462       32         0
                text44                             3218     3218       4A         0
                text43                             33F0     33F0       3A         0
                text42                             377A     377A        C         0
                text41                             2918     2918       D6         0
                text40                             36FE     36FE       16         0
                text39                             2FF0     2FF0       6C         0
                text38                             31CA     31CA       4E         0
                text37                             36E8     36E8       16         0
                text36                             2E96     2E96       7C         0
                text35                             3798     3798        6         0
                text34                             373E     373E       12         0
                text33                             376C     376C        E         0
                text32                             375E     375E        E         0
                text31                             3750     3750        E         0
                text30                             32F0     32F0       46         0
                text29                             2CDC     2CDC       A6         0
                text28                             3638     3638       22         0
                text27                             3616     3616       22         0
                text26                             35F4     35F4       22         0
                text25                             2F84     2F84       6C         0
                text24                             35D2     35D2       22         0
                text23                             35B0     35B0       22         0
                text22                             358E     358E       22         0
                text21                             30C0     30C0       60         0
                text20                             36CE     36CE       1A         0
                text19                             3678     3678       1E         0
                text18                             3540     3540       28         0
                text17                             3790     3790        8         0
                text16                             3120     3120       58         0
                text15                             3336     3336       40         0
                text14                             2B78     2B78       B6         0
                text13                             2F12     2F12       72         0
                text12                             305C     305C       64         0
                text11                             3518     3518       28         0
                text10                             3786     3786        A         0
                text9                              365A     365A       1E         0
                text8                              2840     2840       D8         0
                text7                              3376     3376       3E         0
                text6                              2D82     2D82       90         0
                text5                              2766     2766       DA         0
                text4                              266C     266C       FA         0
                text3                              24A8     24A8      1C4         0
                text2                              32AA     32AA       46         0
                text1                              36B4     36B4       1A         0
                text0                              20A2     20A2      20C         0
                cinit                              34EE     34EE       2A         0

        CLASS   CONST          

        CLASS   SMALLCONST     
                smallconst                         2000     2000       A2         0

        CLASS   MEDIUMCONST    

        CLASS   COMRAM         
                cstackCOMRAM                          1        1       51         1
                bssCOMRAM                            52       52        B         1

        CLASS   ABS1           

        CLASS   BIGRAM         

        CLASS   RAM            

        CLASS   BANK0          
                bssBANK0                             60       60       66         1

        CLASS   BANK1          

        CLASS   BANK2          

        CLASS   BANK3          

        CLASS   BANK4          

        CLASS   BANK5          

        CLASS   BANK6          

        CLASS   BANK7          

        CLASS   BANK8          

        CLASS   BANK9          

        CLASS   BANK10         

        CLASS   BANK11         

        CLASS   BANK12         

        CLASS   BANK13         

        CLASS   BANK14         

        CLASS   BANK15         

        CLASS   BANK16         

        CLASS   BANK17         

        CLASS   BANK18         

        CLASS   BANK19         

        CLASS   BANK20         

        CLASS   BANK21         

        CLASS   BANK22         

        CLASS   BANK23         

        CLASS   BANK24         

        CLASS   BANK25         

        CLASS   BANK26         

        CLASS   BANK27         

        CLASS   BANK28         

        CLASS   BANK29         

        CLASS   BANK30         

        CLASS   BANK31         

        CLASS   SFR            

        CLASS   BIGSFR         

        CLASS   CONFIG         
                config                           300000   300000        A         4

        CLASS   IDLOC          

        CLASS   EEDATA         

        CLASS   FARRAM         

        CLASS   HEAP           

        CLASS   STACK          



SEGMENTS        Name                           Load    Length   Top    Selector   Space  Class

                reset_vec                      000000  000004  000004         0       0  CODE    
                text0                          0020A2  0016FC  00379E      1051       0  CODE    
                ivt0x8                         000008  000016  00001E         4       0  CODE    
                bssBANK0                       000060  000066  0000C6        60       1  BANK0   
                cstackCOMRAM                   000001  00005C  00005D         1       1  COMRAM  
                smallconst                     002000  0000A2  0020A2      1000       0  SMALLCON


UNUSED ADDRESS RANGES

        Name                Unused          Largest block    Delta
        BANK0            0000C6-0000FF               3A
        BANK1            000100-0001FF              100
        BANK10           000A00-000AFF              100
        BANK11           000B00-000BFF              100
        BANK12           000C00-000CFF              100
        BANK13           000D00-000DFF              100
        BANK14           000E00-000EFF              100
        BANK15           000F00-000FFF              100
        BANK16           001000-0010FF              100
        BANK17           001100-0011FF              100
        BANK18           001200-0012FF              100
        BANK19           001300-0013FF              100
        BANK2            000200-0002FF              100
        BANK20           001400-0014FF              100
        BANK21           001500-0015FF              100
        BANK22           001600-0016FF              100
        BANK23           001700-0017FF              100
        BANK24           001800-0018FF              100
        BANK25           001900-0019FF              100
        BANK26           001A00-001AFF              100
        BANK27           001B00-001BFF              100
        BANK28           001C00-001CFF              100
        BANK29           001D00-001DFF              100
        BANK3            000300-0003FF              100
        BANK30           001E00-001EFF              100
        BANK31           001F00-001FFF              100
        BANK4            000400-0004FF              100
        BANK5            000500-0005FF              100
        BANK6            000600-0006FF              100
        BANK7            000700-0007FF              100
        BANK8            000800-0008FF              100
        BANK9            000900-0009FF              100
        BIGRAM           00005D-00005F                3
                         0000C6-001FFF             1F3A
        BIGSFR           003800-003FFF              800
        CODE             000004-000007                4
                         00001E-001FFF             1FE2
                         00379E-01FFFF            1C862
        COMRAM           00005D-00005F                3
        CONST            000004-000007                4
                         00001E-001FFF             1FE2
                         00379E-01FFFF            1C862
        EEDATA           310000-3103FF              400
        IDLOC            200000-20000F               10
        MEDIUMCONST      00379E-00FFFF             C862
                         012000-01FFFF             E000
        RAM              0000C6-001FFF              100
        SFR              003800-003FFF              100
        SMALLCONST       00379E-00FFFF              100
                         012000-01FFFF              100

                                  Symbol Table

?___awdiv                                          cstackCOMRAM 000001
?___awmod                                          cstackCOMRAM 000001
?___lwdiv                                          cstackCOMRAM 000001
?___lwmod                                          cstackCOMRAM 000001
?_printf                                           cstackCOMRAM 000036
?_read_prec_or_width                               cstackCOMRAM 000001
?_vfprintf                                         cstackCOMRAM 000031
DS3231_ReadTime@data                               cstackCOMRAM 00000C
DS3231_ReadTime@reg                                cstackCOMRAM 00000B
DS3231_SetAlarm1@alarmHour                         cstackCOMRAM 00000F
DS3231_SetAlarm1@alarmMin                          cstackCOMRAM 00000C
DS3231_SetAlarm1@alarmSec                          cstackCOMRAM 00000D
DS3231_SetAlarm1@data                              cstackCOMRAM 000010
DS3231_WriteRegister@data                          cstackCOMRAM 00000A
DS3231_WriteRegister@reg                           cstackCOMRAM 000009
DS3231_WriteRegister@value                         cstackCOMRAM 000008
I2C1_WaitDone@timeout                              cstackCOMRAM 000003
I2C1_Write@address                                 cstackCOMRAM 000002
I2C1_Write@data                                    cstackCOMRAM 000004
I2C1_Write@dataLength                              cstackCOMRAM 000005
I2C1_Write@retStatus                               cstackCOMRAM 000007
I2C1_WriteRead@address                             cstackCOMRAM 000002
I2C1_WriteRead@readData                            cstackCOMRAM 000007
I2C1_WriteRead@readLength                          cstackCOMRAM 000008
I2C1_WriteRead@retStatus                           cstackCOMRAM 00000A
I2C1_WriteRead@writeData                           cstackCOMRAM 000004
I2C1_WriteRead@writeLength                         cstackCOMRAM 000005
INT0_SetInterruptHandler@InterruptHandler          cstackCOMRAM 000001
INT1_SetInterruptHandler@InterruptHandler          cstackCOMRAM 000001
INT2_SetInterruptHandler@InterruptHandler          cstackCOMRAM 000001
IVTBASEH                                           (abs)        003FD6
IVTBASEL                                           (abs)        003FD5
IVTBASEU                                           (abs)        003FD7
RTC_SetTime@data                                   cstackCOMRAM 00000F
RTC_SetTime@setHour                                cstackCOMRAM 00000E
RTC_SetTime@setMin                                 cstackCOMRAM 00000C
RTC_SetTime@setSec                                 cstackCOMRAM 00000D
RTC_SleepUntil@dummy                               cstackCOMRAM 00001A
RTC_SleepUntil@wakeHour                            cstackCOMRAM 000019
RTC_SleepUntil@wakeMin                             cstackCOMRAM 000015
RTC_SleepUntil@wakeSec                             cstackCOMRAM 000016
UART1_FramingErrorCallbackRegister@callbackHandler cstackCOMRAM 000001
UART1_OverrunErrorCallbackRegister@callbackHandler cstackCOMRAM 000001
UART1_ParityErrorCallbackRegister@callbackHandler  cstackCOMRAM 000001
UART1_Write@txData                                 cstackCOMRAM 000001
UART2_FramingErrorCallbackRegister@callbackHandler cstackCOMRAM 000001
UART2_OverrunErrorCallbackRegister@callbackHandler cstackCOMRAM 000001
UART2_ParityErrorCallbackRegister@callbackHandler  cstackCOMRAM 000001
UART2_Write@txData                                 cstackCOMRAM 000001
UART_SendString@str                                cstackCOMRAM 000002
_A                                                 bssBANK0     000096
_ADCLK                                             (abs)        003EFF
_ADCON0bits                                        (abs)        003EF8
_ADC_Init                                          text59       00342A
_ADPCH                                             (abs)        003EF1
_ADREFbits                                         (abs)        003EFD
_ADRESH                                            (abs)        003EF0
_ADRESL                                            (abs)        003EEF
_ANSELA                                            (abs)        003A40
_ANSELB                                            (abs)        003A50
_ANSELBbits                                        (abs)        003A50
_ANSELC                                            (abs)        003A60
_ANSELCbits                                        (abs)        003A60
_ANSELD                                            (abs)        003A70
_ANSELDbits                                        (abs)        003A70
_ANSELE                                            (abs)        003A80
_A_flag                                            bssBANK0     0000A0
_B                                                 bssBANK0     000094
_B_flag                                            bssBANK0     00009E
_C                                                 bssBANK0     000092
_CLOCK_Initialize                                  text34       00373E
_C_flag                                            bssBANK0     00009C
_D                                                 bssBANK0     000090
_DS3231_ClearAlarmFlag                             text42       00377A
_DS3231_ReadTime                                   text36       002E96
_DS3231_SetAlarm1                                  text41       002918
_DS3231_WriteRegister                              text43       0033F0
_D_flag                                            bssBANK0     00009A
_E                                                 bssBANK0     00008E
_E_flag                                            bssBANK0     000098
_FVRCONbits                                        (abs)        003EC1
_I2C1ADB1                                          (abs)        003D6E
_I2C1CLK                                           (abs)        003D7B
_I2C1CNT                                           (abs)        003D6C
_I2C1CON0                                          (abs)        003D73
_I2C1CON0bits                                      (abs)        003D73
_I2C1CON1                                          (abs)        003D74
_I2C1CON1bits                                      (abs)        003D74
_I2C1CON2                                          (abs)        003D75
_I2C1ERR                                           (abs)        003D76
_I2C1ERRbits                                       (abs)        003D76
_I2C1PIE                                           (abs)        003D7A
_I2C1PIR                                           (abs)        003D79
_I2C1PIRbits                                       (abs)        003D79
_I2C1RXB                                           (abs)        003D6A
_I2C1SCLPPS                                        (abs)        003AE1
_I2C1SDAPPS                                        (abs)        003AE2
_I2C1STAT0bits                                     (abs)        003D77
_I2C1STAT1                                         (abs)        003D78
_I2C1STAT1bits                                     (abs)        003D78
_I2C1TXB                                           (abs)        003D6B
_I2C1_BusReset                                     text54       003494
_I2C1_Callback                                     bssBANK0     000089
_I2C1_Close                                        text53       003696
_I2C1_Deinitialize                                 text57       00372A
_I2C1_Initialize                                   text56       003178
_I2C1_IsBusy                                       text55       0034C2
_I2C1_IsBusy$377                                   cstackCOMRAM 000001
_I2C1_ReadStart                                    text52       003568
_I2C1_Tasks                                        text51       0022AE
_I2C1_WaitDone                                     text50       002E12
_I2C1_Write                                        text48       003262
_I2C1_WriteRead                                    text38       0031CA
_I2C1_WriteStart                                   text49       0033B4
_INLVLA                                            (abs)        003A44
_INLVLB                                            (abs)        003A54
_INLVLC                                            (abs)        003A64
_INLVLD                                            (abs)        003A74
_INLVLE                                            (abs)        003A84
_INT0_DefaultInterruptHandler                      (abs)        000000
_INT0_InterruptHandler                             bssBANK0     000086
_INT0_SetInterruptHandler                          text33       00376C
_INT1_DefaultInterruptHandler                      (abs)        000000
_INT1_InterruptHandler                             bssBANK0     000083
_INT1_SetInterruptHandler                          text32       00375E
_INT2_DefaultInterruptHandler                      (abs)        000000
_INT2_InterruptHandler                             bssBANK0     000080
_INT2_SetInterruptHandler                          text31       003750
_INTCON0bits                                       (abs)        003FD2
_INTERRUPT_Initialize                              text30       0032F0
_IOCAF                                             (abs)        003A47
_IOCAN                                             (abs)        003A46
_IOCAP                                             (abs)        003A45
_IOCBF                                             (abs)        003A57
_IOCBFbits                                         (abs)        003A57
_IOCBN                                             (abs)        003A56
_IOCBNbits                                         (abs)        003A56
_IOCBP                                             (abs)        003A55
_IOCBPbits                                         (abs)        003A55
_IOCCF                                             (abs)        003A67
_IOCCFbits                                         (abs)        003A67
_IOCCN                                             (abs)        003A66
_IOCCNbits                                         (abs)        003A66
_IOCCP                                             (abs)        003A65
_IOCCPbits                                         (abs)        003A65
_IOCEF                                             (abs)        003A87
_IOCEN                                             (abs)        003A86
_IOCEP                                             (abs)        003A85
_ISR                                               text60       0029EE
_Init_RTC_Interrupt_RC5                            text58       003714
_LATA                                              (abs)        003FBA
_LATAbits                                          (abs)        003FBA
_LATB                                              (abs)        003FBB
_LATC                                              (abs)        003FBC
_LATD                                              (abs)        003FBD
_LATDbits                                          (abs)        003FBD
_LATE                                              (abs)        003FBE
_LoRaSeconds                                       bssCOMRAM    000057
_LoRaState                                         bssCOMRAM    000058
_ODCONA                                            (abs)        003A42
_ODCONB                                            (abs)        003A52
_ODCONC                                            (abs)        003A62
_ODCOND                                            (abs)        003A72
_ODCONE                                            (abs)        003A82
_OSCCON1                                           (abs)        0039D9
_OSCCON3                                           (abs)        0039DB
_OSCEN                                             (abs)        0039DD
_OSCFRQ                                            (abs)        0039DF
_OSCTUNE                                           (abs)        0039DE
_PIE0bits                                          (abs)        003990
_PIE3bits                                          (abs)        003993
_PIN_MANAGER_Initialize                            text29       002CDC
_PIR0bits                                          (abs)        0039A0
_PIR1bits                                          (abs)        0039A1
_PIR2bits                                          (abs)        0039A2
_PIR3bits                                          (abs)        0039A3
_PIR5bits                                          (abs)        0039A5
_PIR7bits                                          (abs)        0039A7
_PORTBbits                                         (abs)        003FCB
_PORTCbits                                         (abs)        003FCC
_RB1I2C                                            (abs)        003A5A
_RB1PPS                                            (abs)        003A09
_RB2I2C                                            (abs)        003A5B
_RB2PPS                                            (abs)        003A0A
_RC2PPS                                            (abs)        003A12
_RC3I2C                                            (abs)        003A6A
_RC4I2C                                            (abs)        003A6B
_RD0I2C                                            (abs)        003A7A
_RD0PPS                                            (abs)        003A18
_RD1I2C                                            (abs)        003A7B
_RTCReadFlag                                       bssCOMRAM    000055
_RTC_SetTime                                       text44       003218
_RTC_SleepUntil                                    text39       002FF0
_RTC_UpdateTime                                    text35       003798
_SLRCONA                                           (abs)        003A43
_SLRCONB                                           (abs)        003A53
_SLRCONC                                           (abs)        003A63
_SLRCOND                                           (abs)        003A73
_SLRCONE                                           (abs)        003A83
_SYSTEM_Initialize                                 text20       0036CE
_SendMessage                                       bssCOMRAM    000056
_T0CON0bits                                        (abs)        003FB8
_T0CON1bits                                        (abs)        003FB9
_TMR0H                                             (abs)        003FB7
_TMR0L                                             (abs)        003FB6
_TRISA                                             (abs)        003FC2
_TRISAbits                                         (abs)        003FC2
_TRISB                                             (abs)        003FC3
_TRISBbits                                         (abs)        003FC3
_TRISC                                             (abs)        003FC4
_TRISCbits                                         (abs)        003FC4
_TRISD                                             (abs)        003FC5
_TRISDbits                                         (abs)        003FC5
_TRISE                                             (abs)        003FC6
_Timer0_Init                                       text19       003678
_U1BRGH                                            (abs)        003DF6
_U1BRGL                                            (abs)        003DF5
_U1CON0                                            (abs)        003DF2
_U1CON0bits                                        (abs)        003DF2
_U1CON1                                            (abs)        003DF3
_U1CON1bits                                        (abs)        003DF3
_U1CON2                                            (abs)        003DF4
_U1ERRIE                                           (abs)        003DFA
_U1ERRIR                                           (abs)        003DF9
_U1ERRIRbits                                       (abs)        003DF9
_U1FIFO                                            (abs)        003DF7
_U1FIFObits                                        (abs)        003DF7
_U1P1H                                             (abs)        003DED
_U1P1L                                             (abs)        003DEC
_U1P2H                                             (abs)        003DEF
_U1P2L                                             (abs)        003DEE
_U1P3H                                             (abs)        003DF1
_U1P3L                                             (abs)        003DF0
_U1RXB                                             (abs)        003DE8
_U1RXCHK                                           (abs)        003DE9
_U1RXPPS                                           (abs)        003AE5
_U1TXB                                             (abs)        003DEA
_U1TXCHK                                           (abs)        003DEB
_U1UIR                                             (abs)        003DF8
_U1UIRbits                                         (abs)        003DF8
_U2BRGH                                            (abs)        003DDE
_U2BRGL                                            (abs)        003DDD
_U2CON0                                            (abs)        003DDA
_U2CON0bits                                        (abs)        003DDA
_U2CON1                                            (abs)        003DDB
_U2CON1bits                                        (abs)        003DDB
_U2CON2                                            (abs)        003DDC
_U2ERRIE                                           (abs)        003DE2
_U2ERRIR                                           (abs)        003DE1
_U2ERRIRbits                                       (abs)        003DE1
_U2FIFO                                            (abs)        003DDF
_U2FIFObits                                        (abs)        003DDF
_U2P1L                                             (abs)        003DD4
_U2P2L                                             (abs)        003DD6
_U2P3L                                             (abs)        003DD8
_U2RXB                                             (abs)        003DD0
_U2RXPPS                                           (abs)        003AE8
_U2TXB                                             (abs)        003DD2
_U2UIR                                             (abs)        003DE0
_U2UIRbits                                         (abs)        003DE0
_UART1                                             smallconst   002001
_UART1_AutoBaudQuery                               (abs)        000000
_UART1_AutoBaudSet                                 (abs)        000000
_UART1_DefaultFramingErrorCallback                 (abs)        000000
_UART1_DefaultOverrunErrorCallback                 (abs)        000000
_UART1_DefaultParityErrorCallback                  (abs)        000000
_UART1_Deinitialize                                (abs)        000000
_UART1_ErrorGet                                    (abs)        000000
_UART1_FramingErrorCallbackRegister                text28       003638
_UART1_FramingErrorHandler                         bssBANK0     000074
_UART1_Initialize                                  text25       002F84
_UART1_IsRxReady                                   (abs)        000000
_UART1_IsTxDone                                    (abs)        000000
_UART1_IsTxReady                                   text18       003540
_UART1_IsTxReady$1590                              cstackCOMRAM 000001
_UART1_OverrunErrorCallbackRegister                text27       003616
_UART1_OverrunErrorHandler                         bssBANK0     000071
_UART1_ParityErrorCallbackRegister                 text26       0035F4
_UART1_ParityErrorHandler                          bssBANK0     00006E
_UART1_Read                                        (abs)        000000
_UART1_TransmitDisable                             (abs)        000000
_UART1_TransmitEnable                              (abs)        000000
_UART1_Write                                       text17       003790
_UART2_DefaultFramingErrorCallback                 (abs)        000000
_UART2_DefaultOverrunErrorCallback                 (abs)        000000
_UART2_DefaultParityErrorCallback                  (abs)        000000
_UART2_FramingErrorCallbackRegister                text24       0035D2
_UART2_FramingErrorHandler                         bssBANK0     00007D
_UART2_Initialize                                  text21       0030C0
_UART2_IsTxDone                                    text40       0036FE
_UART2_IsTxReady                                   text11       003518
_UART2_IsTxReady$1042                              cstackCOMRAM 000001
_UART2_OverrunErrorCallbackRegister                text23       0035B0
_UART2_OverrunErrorHandler                         bssBANK0     00007A
_UART2_ParityErrorCallbackRegister                 text22       00358E
_UART2_ParityErrorHandler                          bssBANK0     000077
_UART2_Write                                       text10       003786
_UART_SendString                                   text16       003120
_VREGCONbits                                       (abs)        0039D1
_WPUA                                              (abs)        003A41
_WPUB                                              (abs)        003A51
_WPUBbits                                          (abs)        003A51
_WPUC                                              (abs)        003A61
_WPUCbits                                          (abs)        003A61
_WPUD                                              (abs)        003A71
_WPUE                                              (abs)        003A81
__HRAM                                             (abs)        000000
__H__absolute__                                    __absolute__ 000000
__Habs1                                            abs1         000000
__Hbank0                                           bank0        000000
__Hbank1                                           bank1        000000
__Hbank10                                          bank10       000000
__Hbank11                                          bank11       000000
__Hbank12                                          bank12       000000
__Hbank13                                          bank13       000000
__Hbank14                                          bank14       000000
__Hbank15                                          bank15       000000
__Hbank16                                          bank16       000000
__Hbank17                                          bank17       000000
__Hbank18                                          bank18       000000
__Hbank19                                          bank19       000000
__Hbank2                                           bank2        000000
__Hbank20                                          bank20       000000
__Hbank21                                          bank21       000000
__Hbank22                                          bank22       000000
__Hbank23                                          bank23       000000
__Hbank24                                          bank24       000000
__Hbank25                                          bank25       000000
__Hbank26                                          bank26       000000
__Hbank27                                          bank27       000000
__Hbank28                                          bank28       000000
__Hbank29                                          bank29       000000
__Hbank3                                           bank3        000000
__Hbank30                                          bank30       000000
__Hbank31                                          bank31       000000
__Hbank4                                           bank4        000000
__Hbank5                                           bank5        000000
__Hbank6                                           bank6        000000
__Hbank7                                           bank7        000000
__Hbank8                                           bank8        000000
__Hbank9                                           bank9        000000
__Hbigbss                                          bigbss       000000
__Hbigdata                                         bigdata      000000
__Hbigram                                          bigram       000000
__Hbigsfr                                          bigsfr       000000
__Hbss                                             bss          000000
__HbssBANK0                                        bssBANK0     000000
__HbssCOMRAM                                       bssCOMRAM    000000
__Hcinit                                           cinit        000000
__Hclrtext                                         clrtext      000000
__Hcomram                                          comram       000000
__Hconfig                                          config       30000A
__Hconst                                           const        000000
__HcstackCOMRAM                                    cstackCOMRAM 000000
__Hdata                                            data         000000
__Heeprom_data                                     eeprom_data  000000
__Hfarbss                                          farbss       000000
__Hfardata                                         fardata      000000
__Hheap                                            heap         000000
__Hibigdata                                        ibigdata     000000
__Hidata                                           idata        000000
__Hidloc                                           idloc        000000
__Hifardata                                        ifardata     000000
__Hinit                                            init         00001E
__Hintsave_regs                                    intsave_regs 000000
__Hirdata                                          irdata       000000
__Hivt0x8                                          ivt0x8       00001A
__Hmediumconst                                     mediumconst  000000
__HnvFARRAM                                        nvFARRAM     000000
__Hnvbit                                           nvbit        000000
__Hnvrram                                          nvrram       000000
__Hparam                                           rparam       000000
__Hpowerup                                         powerup      000000
__Hram                                             ram          000000
__Hramtop                                          ramtop       002000
__Hrbit                                            rbit         000000
__Hrbss                                            rbss         000000
__Hrdata                                           rdata        000000
__Hreset_vec                                       reset_vec    000004
__Hrparam                                          rparam       000000
__Hsfr                                             sfr          000000
__Hsmallconst                                      smallconst   0020A2
__Hspace_0                                         (abs)        00379E
__Hspace_1                                         (abs)        0000C6
__Hspace_2                                         (abs)        000000
__Hspace_4                                         (abs)        60000A
__Hstack                                           stack        000000
__Hstruct                                          struct       000000
__Htemp                                            temp         000000
__Htext                                            text         000000
__Htext0                                           text0        000000
__Htext1                                           text1        000000
__Htext10                                          text10       000000
__Htext11                                          text11       000000
__Htext12                                          text12       000000
__Htext13                                          text13       000000
__Htext14                                          text14       000000
__Htext15                                          text15       000000
__Htext16                                          text16       000000
__Htext17                                          text17       000000
__Htext18                                          text18       000000
__Htext19                                          text19       000000
__Htext2                                           text2        000000
__Htext20                                          text20       000000
__Htext21                                          text21       000000
__Htext22                                          text22       000000
__Htext23                                          text23       000000
__Htext24                                          text24       000000
__Htext25                                          text25       000000
__Htext26                                          text26       000000
__Htext27                                          text27       000000
__Htext28                                          text28       000000
__Htext29                                          text29       000000
__Htext3                                           text3        000000
__Htext30                                          text30       000000
__Htext31                                          text31       000000
__Htext32                                          text32       000000
__Htext33                                          text33       000000
__Htext34                                          text34       000000
__Htext35                                          text35       000000
__Htext36                                          text36       000000
__Htext37                                          text37       000000
__Htext38                                          text38       000000
__Htext39                                          text39       000000
__Htext4                                           text4        000000
__Htext40                                          text40       000000
__Htext41                                          text41       000000
__Htext42                                          text42       000000
__Htext43                                          text43       000000
__Htext44                                          text44       000000
__Htext45                                          text45       000000
__Htext46                                          text46       000000
__Htext47                                          text47       000000
__Htext48                                          text48       000000
__Htext49                                          text49       000000
__Htext5                                           text5        000000
__Htext50                                          text50       000000
__Htext51                                          text51       000000
__Htext52                                          text52       000000
__Htext53                                          text53       000000
__Htext54                                          text54       000000
__Htext55                                          text55       000000
__Htext56                                          text56       000000
__Htext57                                          text57       000000
__Htext58                                          text58       000000
__Htext59                                          text59       000000
__Htext6                                           text6        000000
__Htext60                                          text60       000000
__Htext7                                           text7        000000
__Htext8                                           text8        000000
__Htext9                                           text9        000000
__LRAM                                             (abs)        000001
__L__absolute__                                    __absolute__ 000000
__Labs1                                            abs1         000000
__Lbank0                                           bank0        000000
__Lbank1                                           bank1        000000
__Lbank10                                          bank10       000000
__Lbank11                                          bank11       000000
__Lbank12                                          bank12       000000
__Lbank13                                          bank13       000000
__Lbank14                                          bank14       000000
__Lbank15                                          bank15       000000
__Lbank16                                          bank16       000000
__Lbank17                                          bank17       000000
__Lbank18                                          bank18       000000
__Lbank19                                          bank19       000000
__Lbank2                                           bank2        000000
__Lbank20                                          bank20       000000
__Lbank21                                          bank21       000000
__Lbank22                                          bank22       000000
__Lbank23                                          bank23       000000
__Lbank24                                          bank24       000000
__Lbank25                                          bank25       000000
__Lbank26                                          bank26       000000
__Lbank27                                          bank27       000000
__Lbank28                                          bank28       000000
__Lbank29                                          bank29       000000
__Lbank3                                           bank3        000000
__Lbank30                                          bank30       000000
__Lbank31                                          bank31       000000
__Lbank4                                           bank4        000000
__Lbank5                                           bank5        000000
__Lbank6                                           bank6        000000
__Lbank7                                           bank7        000000
__Lbank8                                           bank8        000000
__Lbank9                                           bank9        000000
__Lbigbss                                          bigbss       000000
__Lbigdata                                         bigdata      000000
__Lbigram                                          bigram       000000
__Lbigsfr                                          bigsfr       000000
__Lbss                                             bss          000000
__LbssBANK0                                        bssBANK0     000000
__LbssCOMRAM                                       bssCOMRAM    000000
__Lcinit                                           cinit        000000
__Lclrtext                                         clrtext      000000
__Lcomram                                          comram       000000
__Lconfig                                          config       000000
__Lconst                                           const        000000
__LcstackCOMRAM                                    cstackCOMRAM 000000
__Ldata                                            data         000000
__Leeprom_data                                     eeprom_data  000000
__Lfarbss                                          farbss       000000
__Lfardata                                         fardata      000000
__Lheap                                            heap         000000
__Libigdata                                        ibigdata     000000
__Lidata                                           idata        000000
__Lidloc                                           idloc        000000
__Lifardata                                        ifardata     000000
__Linit                                            init         00001A
__Lintsave_regs                                    intsave_regs 000000
__Lirdata                                          irdata       000000
__Livt0x8                                          ivt0x8       000008
__Lmediumconst                                     mediumconst  000000
__LnvFARRAM                                        nvFARRAM     000000
__Lnvbit                                           nvbit        000000
__Lnvrram                                          nvrram       000000
__Lparam                                           rparam       000000
__Lpowerup                                         powerup      000000
__Lram                                             ram          000000
__Lramtop                                          ramtop       002000
__Lrbit                                            rbit         000000
__Lrbss                                            rbss         000000
__Lrdata                                           rdata        000000
__Lreset_vec                                       reset_vec    000000
__Lrparam                                          rparam       000000
__Lsfr                                             sfr          000000
__Lsmallconst                                      smallconst   002000
__Lspace_0                                         (abs)        000000
__Lspace_1                                         (abs)        000000
__Lspace_2                                         (abs)        000000
__Lspace_4                                         (abs)        000000
__Lstack                                           stack        000000
__Lstruct                                          struct       000000
__Ltemp                                            temp         000000
__Ltext                                            text         000000
__Ltext0                                           text0        000000
__Ltext1                                           text1        000000
__Ltext10                                          text10       000000
__Ltext11                                          text11       000000
__Ltext12                                          text12       000000
__Ltext13                                          text13       000000
__Ltext14                                          text14       000000
__Ltext15                                          text15       000000
__Ltext16                                          text16       000000
__Ltext17                                          text17       000000
__Ltext18                                          text18       000000
__Ltext19                                          text19       000000
__Ltext2                                           text2        000000
__Ltext20                                          text20       000000
__Ltext21                                          text21       000000
__Ltext22                                          text22       000000
__Ltext23                                          text23       000000
__Ltext24                                          text24       000000
__Ltext25                                          text25       000000
__Ltext26                                          text26       000000
__Ltext27                                          text27       000000
__Ltext28                                          text28       000000
__Ltext29                                          text29       000000
__Ltext3                                           text3        000000
__Ltext30                                          text30       000000
__Ltext31                                          text31       000000
__Ltext32                                          text32       000000
__Ltext33                                          text33       000000
__Ltext34                                          text34       000000
__Ltext35                                          text35       000000
__Ltext36                                          text36       000000
__Ltext37                                          text37       000000
__Ltext38                                          text38       000000
__Ltext39                                          text39       000000
__Ltext4                                           text4        000000
__Ltext40                                          text40       000000
__Ltext41                                          text41       000000
__Ltext42                                          text42       000000
__Ltext43                                          text43       000000
__Ltext44                                          text44       000000
__Ltext45                                          text45       000000
__Ltext46                                          text46       000000
__Ltext47                                          text47       000000
__Ltext48                                          text48       000000
__Ltext49                                          text49       000000
__Ltext5                                           text5        000000
__Ltext50                                          text50       000000
__Ltext51                                          text51       000000
__Ltext52                                          text52       000000
__Ltext53                                          text53       000000
__Ltext54                                          text54       000000
__Ltext55                                          text55       000000
__Ltext56                                          text56       000000
__Ltext57                                          text57       000000
__Ltext58                                          text58       000000
__Ltext59                                          text59       000000
__Ltext6                                           text6        000000
__Ltext60                                          text60       000000
__Ltext7                                           text7        000000
__Ltext8                                           text8        000000
__Ltext9                                           text9        000000
__S0                                               (abs)        00379E
__S1                                               (abs)        0000C6
__S4                                               (abs)        000000
__S5                                               (abs)        000000
___awdiv                                           text47       002AB8
___awdiv@counter                                   cstackCOMRAM 000005
___awdiv@dividend                                  cstackCOMRAM 000001
___awdiv@divisor                                   cstackCOMRAM 000003
___awdiv@quotient                                  cstackCOMRAM 000007
___awdiv@sign                                      cstackCOMRAM 000006
___awmod                                           text46       002C2E
___awmod@counter                                   cstackCOMRAM 000005
___awmod@dividend                                  cstackCOMRAM 000001
___awmod@divisor                                   cstackCOMRAM 000003
___awmod@sign                                      cstackCOMRAM 000006
___heap_hi                                         (abs)        000000
___heap_lo                                         (abs)        000000
___inthi_sp                                        stack        000000
___inthi_stack_hi                                  stack        000000
___inthi_stack_lo                                  stack        000000
___intlo_sp                                        stack        000000
___intlo_stack_hi                                  stack        000000
___intlo_stack_lo                                  stack        000000
___lwdiv                                           text13       002F12
___lwdiv@counter                                   cstackCOMRAM 000007
___lwdiv@dividend                                  cstackCOMRAM 000001
___lwdiv@divisor                                   cstackCOMRAM 000003
___lwdiv@quotient                                  cstackCOMRAM 000005
___lwmod                                           text12       00305C
___lwmod@counter                                   cstackCOMRAM 000005
___lwmod@dividend                                  cstackCOMRAM 000001
___lwmod@divisor                                   cstackCOMRAM 000003
___param_bank                                      (abs)        000000
___rparam_used                                     (abs)        000001
___sp                                              stack        000000
___stack_hi                                        stack        000000
___stack_lo                                        stack        000000
__accesstop                                        (abs)        000060
__activetblptr                                     (abs)        000003
__end_of_ADC_Init                                  text59       003462
__end_of_CLOCK_Initialize                          text34       003750
__end_of_DS3231_ClearAlarmFlag                     text42       003786
__end_of_DS3231_ReadTime                           text36       002F12
__end_of_DS3231_SetAlarm1                          text41       0029EE
__end_of_DS3231_WriteRegister                      text43       00342A
__end_of_I2C1_BusReset                             text54       0034C2
__end_of_I2C1_Close                                text53       0036B4
__end_of_I2C1_Deinitialize                         text57       00373E
__end_of_I2C1_Initialize                           text56       0031CA
__end_of_I2C1_IsBusy                               text55       0034EE
__end_of_I2C1_ReadStart                            text52       00358E
__end_of_I2C1_Tasks                                text51       0024A8
__end_of_I2C1_WaitDone                             text50       002E96
__end_of_I2C1_Write                                text48       0032AA
__end_of_I2C1_WriteRead                            text38       003218
__end_of_I2C1_WriteStart                           text49       0033F0
__end_of_INT0_SetInterruptHandler                  text33       00377A
__end_of_INT1_SetInterruptHandler                  text32       00376C
__end_of_INT2_SetInterruptHandler                  text31       00375E
__end_of_INTERRUPT_Initialize                      text30       003336
__end_of_ISR                                       text60       002AB8
__end_of_Init_RTC_Interrupt_RC5                    text58       00372A
__end_of_PIN_MANAGER_Initialize                    text29       002D82
__end_of_RTC_SetTime                               text44       003262
__end_of_RTC_SleepUntil                            text39       00305C
__end_of_RTC_UpdateTime                            text35       00379E
__end_of_SYSTEM_Initialize                         text20       0036E8
__end_of_Timer0_Init                               text19       003696
__end_of_UART1                                     smallconst   002049
__end_of_UART1_FramingErrorCallbackRegister        text28       00365A
__end_of_UART1_Initialize                          text25       002FF0
__end_of_UART1_IsTxReady                           text18       003568
__end_of_UART1_OverrunErrorCallbackRegister        text27       003638
__end_of_UART1_ParityErrorCallbackRegister         text26       003616
__end_of_UART1_Write                               text17       003798
__end_of_UART2_FramingErrorCallbackRegister        text24       0035F4
__end_of_UART2_Initialize                          text21       003120
__end_of_UART2_IsTxDone                            text40       003714
__end_of_UART2_IsTxReady                           text11       003540
__end_of_UART2_OverrunErrorCallbackRegister        text23       0035D2
__end_of_UART2_ParityErrorCallbackRegister         text22       0035B0
__end_of_UART2_Write                               text10       003790
__end_of_UART_SendString                           text16       003178
__end_of___awdiv                                   text47       002B78
__end_of___awmod                                   text46       002CDC
__end_of___lwdiv                                   text13       002F84
__end_of___lwmod                                   text12       0030C0
__end_of__initialization                           cinit        003512
__end_of_bcd_to_dec                                text37       0036FE
__end_of_buttonInit                                text15       003376
__end_of_dec_to_bcd                                text45       003494
__end_of_fputc                                     text8        002918
__end_of_fputs                                     text7        0033B4
__end_of_main                                      text0        0022AE
__end_of_pad                                       text6        002E12
__end_of_printf                                    text1        0036CE
__end_of_putch                                     text9        003678
__end_of_read_prec_or_width                        text14       002C2E
__end_of_utoa                                      text5        002840
__end_of_vfpfcnvrt                                 text3        00266C
__end_of_vfprintf                                  text2        0032F0
__end_of_xtoa                                      text4        002766
__initialization                                   cinit        0034EE
__mediumconst                                      smallconst   002000
__pbssBANK0                                        bssBANK0     000060
__pbssCOMRAM                                       bssCOMRAM    000052
__pcinit                                           cinit        0034EE
__pcstackCOMRAM                                    cstackCOMRAM 000001
__pivt0x8                                          ivt0x8       000008
__psmallconst                                      smallconst   002000
__ptext0                                           text0        0020A2
__ptext1                                           text1        0036B4
__ptext10                                          text10       003786
__ptext11                                          text11       003518
__ptext12                                          text12       00305C
__ptext13                                          text13       002F12
__ptext14                                          text14       002B78
__ptext15                                          text15       003336
__ptext16                                          text16       003120
__ptext17                                          text17       003790
__ptext18                                          text18       003540
__ptext19                                          text19       003678
__ptext2                                           text2        0032AA
__ptext20                                          text20       0036CE
__ptext21                                          text21       0030C0
__ptext22                                          text22       00358E
__ptext23                                          text23       0035B0
__ptext24                                          text24       0035D2
__ptext25                                          text25       002F84
__ptext26                                          text26       0035F4
__ptext27                                          text27       003616
__ptext28                                          text28       003638
__ptext29                                          text29       002CDC
__ptext3                                           text3        0024A8
__ptext30                                          text30       0032F0
__ptext31                                          text31       003750
__ptext32                                          text32       00375E
__ptext33                                          text33       00376C
__ptext34                                          text34       00373E
__ptext35                                          text35       003798
__ptext36                                          text36       002E96
__ptext37                                          text37       0036E8
__ptext38                                          text38       0031CA
__ptext39                                          text39       002FF0
__ptext4                                           text4        00266C
__ptext40                                          text40       0036FE
__ptext41                                          text41       002918
__ptext42                                          text42       00377A
__ptext43                                          text43       0033F0
__ptext44                                          text44       003218
__ptext45                                          text45       003462
__ptext46                                          text46       002C2E
__ptext47                                          text47       002AB8
__ptext48                                          text48       003262
__ptext49                                          text49       0033B4
__ptext5                                           text5        002766
__ptext50                                          text50       002E12
__ptext51                                          text51       0022AE
__ptext52                                          text52       003568
__ptext53                                          text53       003696
__ptext54                                          text54       003494
__ptext55                                          text55       0034C2
__ptext56                                          text56       003178
__ptext57                                          text57       00372A
__ptext58                                          text58       003714
__ptext59                                          text59       00342A
__ptext6                                           text6        002D82
__ptext60                                          text60       0029EE
__ptext7                                           text7        003376
__ptext8                                           text8        002840
__ptext9                                           text9        00365A
__ramtop                                           ramtop       002000
__smallconst                                       smallconst   002000
_bcd_to_dec                                        text37       0036E8
_buttonInit                                        text15       003336
_dbuf                                              bssBANK0     0000A6
_dec_to_bcd                                        text45       003462
_flags                                             bssCOMRAM    000054
_fputc                                             text8        002840
_fputs                                             text7        003376
_hour                                              bssCOMRAM    00005B
_i2c1Status                                        bssBANK0     000060
_main                                              text0        0020A2
_min                                               bssCOMRAM    00005A
_pad                                               text6        002D82
_prec                                              bssBANK0     00008C
_printf                                            text1        0036B4
_putch                                             text9        00365A
_read_prec_or_width                                text14       002B78
_rtcWake                                           bssCOMRAM    00005C
_sec                                               bssCOMRAM    000059
_uart1RxLastError                                  bssBANK0     0000A2
_uart2RxLastError                                  bssBANK0     0000A4
_utoa                                              text5        002766
_vfpfcnvrt                                         text3        0024A8
_vfprintf                                          text2        0032AA
_width                                             bssCOMRAM    000052
_xtoa                                              text4        00266C
bcd_to_dec@val                                     cstackCOMRAM 000002
dec_to_bcd@val                                     cstackCOMRAM 00000B
end_of_initialization                              cinit        003512
fputc@c                                            cstackCOMRAM 000003
fputc@fp                                           cstackCOMRAM 000005
fputs@c                                            cstackCOMRAM 00000F
fputs@fp                                           cstackCOMRAM 00000D
fputs@i                                            cstackCOMRAM 000010
fputs@s                                            cstackCOMRAM 00000C
intlevel0                                          text         000000
intlevel1                                          text         000000
intlevel2                                          text         000000
intlevel3                                          text         000000
isa$std                                            (abs)        000001
isa$xinst                                          (abs)        000000
ivt0x8_base                                        ivt0x8       000008
main@IRWasHigh                                     cstackCOMRAM 000042
main@PIR_Reset                                     cstackCOMRAM 000044
main@adc                                           cstackCOMRAM 000046
main@currentTime                                   cstackCOMRAM 00004D
main@loraStart                                     cstackCOMRAM 00004B
main@loraminSet                                    cstackCOMRAM 00004A
main@prevsec                                       cstackCOMRAM 000049
main@sleepHour                                     cstackCOMRAM 00004F
main@sleepMinute                                   cstackCOMRAM 000048
main@toggle                                        cstackCOMRAM 000040
main@wakeHour                                      cstackCOMRAM 000051
main@wakeMinute                                    cstackCOMRAM 000050
pad@buf                                            cstackCOMRAM 000014
pad@fp                                             cstackCOMRAM 000012
pad@i                                              cstackCOMRAM 000018
pad@p                                              cstackCOMRAM 000015
printf@ap                                          cstackCOMRAM 00003D
printf@fmt                                         cstackCOMRAM 000036
putch@c                                            cstackCOMRAM 000002
read_prec_or_width@ap                              cstackCOMRAM 000002
read_prec_or_width@c                               cstackCOMRAM 000005
read_prec_or_width@fmt                             cstackCOMRAM 000001
read_prec_or_width@n                               cstackCOMRAM 000006
stackhi                                            (abs)        000000
stacklo                                            (abs)        000000
start                                              init         00001A
start_initialization                               cinit        0034EE
utoa@d                                             cstackCOMRAM 00001C
utoa@fp                                            cstackCOMRAM 00001A
utoa@i                                             cstackCOMRAM 000021
utoa@p                                             cstackCOMRAM 00001E
utoa@w                                             cstackCOMRAM 00001F
vfpfcnvrt@ap                                       cstackCOMRAM 00002A
vfpfcnvrt@convarg                                  cstackCOMRAM 00002C
vfpfcnvrt@cp                                       cstackCOMRAM 000030
vfpfcnvrt@done                                     cstackCOMRAM 00002B
vfpfcnvrt@fmt                                      cstackCOMRAM 000029
vfpfcnvrt@fp                                       cstackCOMRAM 000027
vfprintf@ap                                        cstackCOMRAM 000034
vfprintf@cfmt                                      cstackCOMRAM 000035
vfprintf@fmt                                       cstackCOMRAM 000033
vfprintf@fp                                        cstackCOMRAM 000031
xtoa@c                                             cstackCOMRAM 000024
xtoa@d                                             cstackCOMRAM 00001C
xtoa@fp                                            cstackCOMRAM 00001A
xtoa@i                                             cstackCOMRAM 000025
xtoa@p                                             cstackCOMRAM 000021
xtoa@w                                             cstackCOMRAM 000022


MODULE INFORMATION

Module		Function		Class		Link	Load	Size
/Applications/microchip/xc8/v3.10/pic/sources/c99/common/lwdiv.c
		___lwdiv       		CODE           	2F12	0000	114

/Applications/microchip/xc8/v3.10/pic/sources/c99/common/lwdiv.c estimated size: 114

/Applications/microchip/xc8/v3.10/pic/sources/c99/common/printf.c
		_printf        		CODE           	36B4	0000	26

/Applications/microchip/xc8/v3.10/pic/sources/c99/common/printf.c estimated size: 26

functions.c
		_RTC_SleepUntil		CODE           	2FF0	0000	108
		_RTC_UpdateTime		CODE           	3798	0000	6
		_DS3231_WriteRegister		CODE           	33F0	0000	58
		_UART_SendString		CODE           	3120	0000	88
		_Timer0_Init   		CODE           	3678	0000	30
		_I2C1_WaitDone 		CODE           	2E12	0000	132
		_putch         		CODE           	365A	0000	30
		_bcd_to_dec    		CODE           	36E8	0000	22
		_dec_to_bcd    		CODE           	3462	0000	50
		_DS3231_ClearAlarmFlag		CODE           	377A	0000	12
		_DS3231_ReadTime		CODE           	2E96	0000	124
		_RTC_SetTime   		CODE           	3218	0000	74
		_buttonInit    		CODE           	3336	0000	64
		_Init_RTC_Interrupt_RC5		CODE           	3714	0000	22
		_DS3231_SetAlarm1		CODE           	2918	0000	214
		_ADC_Init      		CODE           	342A	0000	56

functions.c estimated size: 1090

/Applications/microchip/xc8/v3.10/pic/sources/c99/common/awdiv.c
		___awdiv       		CODE           	2AB8	0000	192

/Applications/microchip/xc8/v3.10/pic/sources/c99/common/awdiv.c estimated size: 192

mcc_generated_files/system/src/interrupt.c
		_INT0_SetInterruptHandler		CODE           	376C	0000	14
		_INT1_SetInterruptHandler		CODE           	375E	0000	14
		_INT2_SetInterruptHandler		CODE           	3750	0000	14
		_INTERRUPT_Initialize		CODE           	32F0	0000	70

mcc_generated_files/system/src/interrupt.c estimated size: 112

mcc_generated_files/uart/src/uart1.c
		_UART1_IsTxReady		CODE           	3540	0000	40
		_UART1_Write   		CODE           	3790	0000	8
		_UART1_FramingErrorCallbackRegister		CODE           	3638	0000	34
		_UART1_OverrunErrorCallbackRegister		CODE           	3616	0000	34
		_UART1_Initialize		CODE           	2F84	0000	108
		_UART1_ParityErrorCallbackRegister		CODE           	35F4	0000	34

mcc_generated_files/uart/src/uart1.c estimated size: 258

mcc_generated_files/i2c_host/src/i2c1.c
		_I2C1_Tasks    		CODE           	22AE	0000	506
		_I2C1_WriteStart		CODE           	33B4	0000	60
		_I2C1_ReadStart		CODE           	3568	0000	38
		_I2C1_Deinitialize		CODE           	372A	0000	20
		_I2C1_IsBusy   		CODE           	34C2	0000	44
		_I2C1_BusReset 		CODE           	3494	0000	46
		_I2C1_Initialize		CODE           	3178	0000	82
		_I2C1_Close    		CODE           	3696	0000	30
		_I2C1_Write    		CODE           	3262	0000	72
		_I2C1_WriteRead		CODE           	31CA	0000	78

mcc_generated_files/i2c_host/src/i2c1.c estimated size: 976

/Applications/microchip/xc8/v3.10/pic/sources/c99/common/nf_fputs.c
		_fputs         		CODE           	3376	0000	62

/Applications/microchip/xc8/v3.10/pic/sources/c99/common/nf_fputs.c estimated size: 62

mcc_generated_files/system/src/pins.c
		_PIN_MANAGER_Initialize		CODE           	2CDC	0000	166

mcc_generated_files/system/src/pins.c estimated size: 166

shared
		__initialization		CODE           	34EE	0000	36
		_UART1         		SMALLCONST     	2001	0000	72

shared estimated size: 108

/Applications/microchip/xc8/v3.10/pic/sources/c99/common/lwmod.c
		___lwmod       		CODE           	305C	0000	100

/Applications/microchip/xc8/v3.10/pic/sources/c99/common/lwmod.c estimated size: 100

/Applications/microchip/xc8/v3.10/pic/sources/c99/common/doprnt.c
		_read_prec_or_width		CODE           	2B78	0000	182
		_vfpfcnvrt     		CODE           	24A8	0000	452
		_pad           		CODE           	2D82	0000	144
		_vfprintf      		CODE           	32AA	0000	70
		_utoa          		CODE           	2766	0000	218
		_xtoa          		CODE           	266C	0000	250

/Applications/microchip/xc8/v3.10/pic/sources/c99/common/doprnt.c estimated size: 1316

mcc_generated_files/system/src/clock.c
		_CLOCK_Initialize		CODE           	373E	0000	18

mcc_generated_files/system/src/clock.c estimated size: 18

main.c
		_ISR           		CODE           	29EE	0000	202
		_main          		CODE           	20A2	0000	524

main.c estimated size: 726

mcc_generated_files/uart/src/uart2.c
		_UART2_ParityErrorCallbackRegister		CODE           	358E	0000	34
		_UART2_IsTxReady		CODE           	3518	0000	40
		_UART2_Write   		CODE           	3786	0000	10
		_UART2_FramingErrorCallbackRegister		CODE           	35D2	0000	34
		_UART2_OverrunErrorCallbackRegister		CODE           	35B0	0000	34
		_UART2_Initialize		CODE           	30C0	0000	96
		_UART2_IsTxDone		CODE           	36FE	0000	22

mcc_generated_files/uart/src/uart2.c estimated size: 270

/Applications/microchip/xc8/v3.10/pic/sources/c99/common/awmod.c
		___awmod       		CODE           	2C2E	0000	174

/Applications/microchip/xc8/v3.10/pic/sources/c99/common/awmod.c estimated size: 174

mcc_generated_files/system/src/system.c
		_SYSTEM_Initialize		CODE           	36CE	0000	26

mcc_generated_files/system/src/system.c estimated size: 26

/Applications/microchip/xc8/v3.10/pic/sources/c99/common/nf_fputc.c
		_fputc         		CODE           	2840	0000	216

/Applications/microchip/xc8/v3.10/pic/sources/c99/common/nf_fputc.c estimated size: 216

